Component: ARM Compiler 5.06 update 6 (build 750) Tool: armlink [4d35ed]

==============================================================================

Section Cross References

    z_main.o(.text) refers to fdiv.o(x$fpl$fdiv) for __aeabi_fdiv
    z_main.o(.text) refers to faddsub_clz.o(x$fpl$fadd) for __aeabi_fadd
    z_main.o(.text) refers to fmul.o(x$fpl$fmul) for __aeabi_fmul
    z_main.o(.text) refers to faddsub_clz.o(x$fpl$fsub) for __aeabi_fsub
    z_main.o(.text) refers to fleqf.o(x$fpl$fleqf) for __aeabi_cfcmple
    z_main.o(.text) refers to frleqf.o(x$fpl$frleqf) for __aeabi_cfrcmple
    z_main.o(.text) refers to feqf.o(x$fpl$feqf) for __aeabi_cfcmpeq
    z_main.o(.text) refers to z_delay.o(.text) for delay_ms
    z_main.o(.text) refers to rt_memcpy_w.o(.text) for __aeabi_memcpy4
    z_main.o(.text) refers to f2d.o(x$fpl$f2d) for __aeabi_f2d
    z_main.o(.text) refers to atan2.o(i.atan2) for atan2
    z_main.o(.text) refers to d2f.o(x$fpl$d2f) for __aeabi_d2f
    z_main.o(.text) refers to sqrt.o(i.sqrt) for sqrt
    z_main.o(.text) refers to sin.o(i.sin) for sin
    z_main.o(.text) refers to dmul.o(x$fpl$dmul) for __aeabi_dmul
    z_main.o(.text) refers to daddsub_clz.o(x$fpl$dsub) for __aeabi_dsub
    z_main.o(.text) refers to cos.o(i.cos) for cos
    z_main.o(.text) refers to z_main.o(.data) for i
    z_main.o(.text) refers to z_main.o(.bss) for servo_data
    z_main.o(.text) refers to z_main.o(.constdata) for .constdata
    z_main.o(.text) refers to faddsub_clz.o(x$fpl$frsb) for __aeabi_frsub
    z_main.o(.text) refers to daddsub_clz.o(x$fpl$dadd) for __aeabi_dadd
    z_main.o(.text) refers to dleqf.o(x$fpl$dleqf) for __aeabi_cdcmple
    z_main.o(.text) refers to ddiv.o(x$fpl$ddiv) for __aeabi_ddiv
    z_main.o(.text) refers to z_setup.o(.text) for setup_systick
    z_main.o(.text) refers to z_loop.o(.text) for loop_key
    z_setup.o(.text) refers to z_timer.o(.text) for systick_init
    z_setup.o(.text) refers to z_key.o(.text) for key_init
    z_setup.o(.text) refers to z_servo.o(.text) for servo_init
    z_setup.o(.text) refers to z_main.o(.data) for servo_index
    z_setup.o(.text) refers to z_main.o(.bss) for servo_data
    z_loop.o(.text) refers to stm32f10x_gpio.o(.text) for GPIO_ReadInputDataBit
    z_loop.o(.text) refers to z_delay.o(.text) for delay_ms
    z_loop.o(.text) refers to z_timer.o(.text) for millis
    z_loop.o(.text) refers to faddsub_clz.o(x$fpl$fadd) for __aeabi_fadd
    z_loop.o(.text) refers to ffix.o(x$fpl$ffix) for __aeabi_f2iz
    z_loop.o(.text) refers to z_servo.o(.text) for servo_run
    z_loop.o(.text) refers to faddsub_clz.o(x$fpl$fsub) for __aeabi_fsub
    z_loop.o(.text) refers to feqf.o(x$fpl$feqf) for __aeabi_cfcmpeq
    z_loop.o(.text) refers to frleqf.o(x$fpl$frleqf) for __aeabi_cfrcmple
    z_loop.o(.text) refers to fleqf.o(x$fpl$fleqf) for __aeabi_cfcmple
    z_loop.o(.text) refers to z_loop.o(.data) for systick_ms_bak
    z_loop.o(.text) refers to z_main.o(.bss) for servo_data
    z_loop.o(.text) refers to z_main.o(.data) for servo_index
    z_timer.o(.text) refers to stm32f10x_rcc.o(.text) for RCC_APB1PeriphClockCmd
    z_timer.o(.text) refers to stm32f10x_tim.o(.text) for TIM_TimeBaseInit
    z_timer.o(.text) refers to misc.o(.text) for NVIC_Init
    z_timer.o(.text) refers to frleqf.o(x$fpl$frleqf) for __aeabi_cfrcmple
    z_timer.o(.text) refers to fleqf.o(x$fpl$fleqf) for __aeabi_cfcmple
    z_timer.o(.text) refers to ffixu.o(x$fpl$ffixu) for __aeabi_f2uiz
    z_timer.o(.text) refers to z_servo.o(.text) for servo_set
    z_timer.o(.text) refers to z_timer.o(.data) for systick_ms
    z_timer.o(.text) refers to z_main.o(.bss) for servo_data
    z_timer.o(.text) refers to z_main.o(.data) for servo_index
    z_delay.o(.text) refers to z_timer.o(.text) for millis
    z_delay.o(.text) refers to z_delay.o(.data) for systick_ms_bak
    z_key.o(.text) refers to stm32f10x_rcc.o(.text) for RCC_APB2PeriphClockCmd
    z_key.o(.text) refers to stm32f10x_gpio.o(.text) for GPIO_Init
    z_servo.o(.text) refers to stm32f10x_gpio.o(.text) for GPIO_SetBits
    z_servo.o(.text) refers to stm32f10x_rcc.o(.text) for RCC_APB2PeriphClockCmd
    z_servo.o(.text) refers to frleqf.o(x$fpl$frleqf) for __aeabi_cfrcmple
    z_servo.o(.text) refers to fmul.o(x$fpl$fmul) for __aeabi_fmul
    z_servo.o(.text) refers to fflt_clz.o(x$fpl$fflt) for __aeabi_i2f
    z_servo.o(.text) refers to feqf.o(x$fpl$feqf) for __aeabi_cfcmpeq
    z_servo.o(.text) refers to dflt_clz.o(x$fpl$dflt) for __aeabi_i2d
    z_servo.o(.text) refers to daddsub_clz.o(x$fpl$dadd) for __aeabi_dadd
    z_servo.o(.text) refers to dfix.o(x$fpl$dfix) for __aeabi_d2iz
    z_servo.o(.text) refers to ddiv.o(x$fpl$ddiv) for __aeabi_ddiv
    z_servo.o(.text) refers to faddsub_clz.o(x$fpl$fsub) for __aeabi_fsub
    z_servo.o(.text) refers to f2d.o(x$fpl$f2d) for __aeabi_f2d
    z_servo.o(.text) refers to d2f.o(x$fpl$d2f) for __aeabi_d2f
    z_servo.o(.text) refers to z_main.o(.bss) for servo_data
[...]
    ../clib/angel/startup.s                  0x00000000   Number         0  __main.o ABSOLUTE
    ../clib/angel/sys.s                      0x00000000   Number         0  indicate_semi.o ABSOLUTE
    ../clib/angel/sys.s                      0x00000000   Number         0  use_no_semi.o ABSOLUTE
    ../clib/angel/sys.s                      0x00000000   Number         0  sys_stackheap_outer.o ABSOLUTE
    ../clib/angel/sys.s                      0x00000000   Number         0  libspace.o ABSOLUTE
    ../clib/angel/sysapp.c                   0x00000000   Number         0  sys_command.o ABSOLUTE
    ../clib/angel/sysapp.c                   0x00000000   Number         0  sys_wrch.o ABSOLUTE
    ../clib/angel/sysapp.c                   0x00000000   Number         0  sys_exit.o ABSOLUTE
    ../clib/armsys.c                         0x00000000   Number         0  no_argv.o ABSOLUTE
    ../clib/armsys.c                         0x00000000   Number         0  _get_argv_nomalloc.o ABSOLUTE
    ../clib/armsys.c                         0x00000000   Number         0  argv_veneer.o ABSOLUTE
    ../clib/armsys.c                         0x00000000   Number         0  argv_veneer.o ABSOLUTE
    ../clib/fenv.c                           0x00000000   Number         0  _rserrno.o ABSOLUTE
    ../clib/heapalloc.c                      0x00000000   Number         0  hrguard.o ABSOLUTE
    ../clib/heapaux.c                        0x00000000   Number         0  heapauxi.o ABSOLUTE
    ../clib/libinit.s                        0x00000000   Number         0  libinit2.o ABSOLUTE
    ../clib/libinit.s                        0x00000000   Number         0  libinit.o ABSOLUTE
    ../clib/libinit.s                        0x00000000   Number         0  libshutdown.o ABSOLUTE
    ../clib/libinit.s                        0x00000000   Number         0  libshutdown2.o ABSOLUTE
    ../clib/memcpset.s                       0x00000000   Number         0  rt_memcpy_w.o ABSOLUTE
    ../clib/signal.c                         0x00000000   Number         0  defsig_stak_inner.o ABSOLUTE
    ../clib/signal.c                         0x00000000   Number         0  defsig_rtred_inner.o ABSOLUTE
    ../clib/signal.c                         0x00000000   Number         0  defsig_fpe_inner.o ABSOLUTE
    ../clib/signal.c                         0x00000000   Number         0  defsig_abrt_inner.o ABSOLUTE
    ../clib/signal.c                         0x00000000   Number         0  __raise.o ABSOLUTE
    ../clib/signal.c                         0x00000000   Number         0  defsig_rtmem_inner.o ABSOLUTE
    ../clib/signal.c                         0x00000000   Number         0  defsig_exit.o ABSOLUTE
    ../clib/signal.c                         0x00000000   Number         0  defsig_general.o ABSOLUTE
    ../clib/signal.c                         0x00000000   Number         0  defsig_rtmem_formal.o ABSOLUTE
    ../clib/signal.c                         0x00000000   Number         0  defsig_rtmem_outer.o ABSOLUTE
    ../clib/signal.c                         0x00000000   Number         0  defsig_pvfn_inner.o ABSOLUTE
    ../clib/signal.c                         0x00000000   Number         0  defsig_cppl_inner.o ABSOLUTE
    ../clib/signal.c                         0x00000000   Number         0  defsig_segv_inner.o ABSOLUTE
    ../clib/signal.c                         0x00000000   Number         0  defsig_other.o ABSOLUTE
    ../clib/signal.s                         0x00000000   Number         0  defsig.o ABSOLUTE
    ../clib/stdlib.c                         0x00000000   Number         0  exit.o ABSOLUTE
    ../fplib/d2f.s                           0x00000000   Number         0  d2f.o ABSOLUTE
    ../fplib/daddsub.s                       0x00000000   Number         0  daddsub_clz.o ABSOLUTE
    ../fplib/dcheck1.s                       0x00000000   Number         0  dcheck1.o ABSOLUTE
    ../fplib/dcmpi.s                         0x00000000   Number         0  dcmpi.o ABSOLUTE
    ../fplib/ddiv.s                          0x00000000   Number         0  ddiv.o ABSOLUTE
    ../fplib/dfix.s                          0x00000000   Number         0  dfix.o ABSOLUTE
    ../fplib/dflt.s                          0x00000000   Number         0  dflt_clz.o ABSOLUTE
    ../fplib/dleqf.s                         0x00000000   Number         0  dleqf.o ABSOLUTE
    ../fplib/dmul.s                          0x00000000   Number         0  dmul.o ABSOLUTE
    ../fplib/dnaninf.s                       0x00000000   Number         0  dnaninf.o ABSOLUTE
    ../fplib/dretinf.s                       0x00000000   Number         0  dretinf.o ABSOLUTE
    ../fplib/dsqrt.s                         0x00000000   Number         0  dsqrt_noumaal.o ABSOLUTE
    ../fplib/f2d.s                           0x00000000   Number         0  f2d.o ABSOLUTE
    ../fplib/faddsub.s                       0x00000000   Number         0  faddsub_clz.o ABSOLUTE
    ../fplib/fcmpi.s                         0x00000000   Number         0  fcmpi.o ABSOLUTE
    ../fplib/fdiv.s                          0x00000000   Number         0  fdiv.o ABSOLUTE
    ../fplib/feqf.s                          0x00000000   Number         0  feqf.o ABSOLUTE
    ../fplib/ffix.s                          0x00000000   Number         0  ffix.o ABSOLUTE
    ../fplib/ffixu.s                         0x00000000   Number         0  ffixu.o ABSOLUTE
    ../fplib/fflt.s                          0x00000000   Number         0  fflt_clz.o ABSOLUTE
    ../fplib/fleqf.s                         0x00000000   Number         0  fleqf.o ABSOLUTE
    ../fplib/fmul.s                          0x00000000   Number         0  fmul.o ABSOLUTE
    ../fplib/fnaninf.s                       0x00000000   Number         0  fnaninf.o ABSOLUTE
    ../fplib/fpinit.s                        0x00000000   Number         0  fpinit.o ABSOLUTE
    ../fplib/fretinf.s                       0x00000000   Number         0  fretinf.o ABSOLUTE
    ../fplib/frleqf.s                        0x00000000   Number         0  frleqf.o ABSOLUTE
    ../fplib/retnan.s                        0x00000000   Number         0  retnan.o ABSOLUTE
    ../fplib/scalbn.s                        0x00000000   Number         0  scalbn.o ABSOLUTE
    ../fplib/trapv.s                         0x00000000   Number         0  trapv.o ABSOLUTE
    ../fplib/usenofp.s                       0x00000000   Number         0  usenofp.o ABSOLUTE
    ../mathlib/atan.c                        0x00000000   Number         0  atan.o ABSOLUTE
    ../mathlib/atan.c                        0x00000000   Number         0  atan_x.o ABSOLUTE
    ../mathlib/atan2.c                       0x00000000   Number         0  atan2.o ABSOLUTE
    ../mathlib/atan2.c                       0x00000000   Number         0  atan2_x.o ABSOLUTE
    ../mathlib/cos.c                         0x00000000   Number         0  cos_x.o ABSOLUTE
    ../mathlib/cos.c                         0x00000000   Number         0  cos.o ABSOLUTE
    ../mathlib/cos_i.c                       0x00000000   Number         0  cos_i.o ABSOLUTE
    ../mathlib/dunder.c                      0x00000000   Number         0  dunder.o ABSOLUTE
    ../mathlib/fpclassify.c                  0x00000000   Number         0  fpclassify.o ABSOLUTE
    ../mathlib/poly.c                        0x00000000   Number         0  poly.o ABSOLUTE
    ../mathlib/qnan.c                        0x00000000   Number         0  qnan.o ABSOLUTE
    ../mathlib/rred.c                        0x00000000   Number         0  rred.o ABSOLUTE
    ../mathlib/sin.c                         0x00000000   Number         0  sin_x.o ABSOLUTE
    ../mathlib/sin.c                         0x00000000   Number         0  sin.o ABSOLUTE
    ../mathlib/sin_i.c                       0x00000000   Number         0  sin_i.o ABSOLUTE
    ../mathlib/sin_i.c                       0x00000000   Number         0  sin_i_x.o ABSOLUTE
    ../mathlib/sqrt.c                        0x00000000   Number         0  sqrt_x.o ABSOLUTE
    ../mathlib/sqrt.c                        0x00000000   Number         0  sqrt.o ABSOLUTE
    ..\Libraries\Startup\core_cm3.c          0x00000000   Number         0  core_cm3.o ABSOLUTE
    ..\Libraries\Startup\startup_stm32f10x_hd.s 0x00000000   Number         0  startup_stm32f10x_hd.o ABSOLUTE
    ..\Libraries\Startup\system_stm32f10x.c  0x00000000   Number         0  system_stm32f10x.o ABSOLUTE
    ..\Libraries\src\misc.c                  0x00000000   Number         0  misc.o ABSOLUTE
    ..\Libraries\src\stm32f10x_gpio.c        0x00000000   Number         0  stm32f10x_gpio.o ABSOLUTE
    ..\Libraries\src\stm32f10x_rcc.c         0x00000000   Number         0  stm32f10x_rcc.o ABSOLUTE
    ..\Libraries\src\stm32f10x_tim.c         0x00000000   Number         0  stm32f10x_tim.o ABSOLUTE
    ..\\Libraries\\Startup\\core_cm3.c       0x00000000   Number         0  core_cm3.o ABSOLUTE
    ..\src\z_delay.c                         0x00000000   Number         0  z_delay.o ABSOLUTE
    ..\src\z_key.c                           0x00000000   Number         0  z_key.o ABSOLUTE
    ..\src\z_servo.c                         0x00000000   Number         0  z_servo.o ABSOLUTE
    ..\src\z_stm32f10x_it.c                  0x00000000   Number         0  z_stm32f10x_it.o ABSOLUTE
    ..\src\z_timer.c                         0x00000000   Number         0  z_timer.o ABSOLUTE
    ..\user\z_loop.c                         0x00000000   Number         0  z_loop.o ABSOLUTE
    ..\user\z_main.c                         0x00000000   Number         0  z_main.o ABSOLUTE
    ..\user\z_setup.c                        0x00000000   Number         0  z_setup.o ABSOLUTE
    dc.s                                     0x00000000   Number         0  dc.o ABSOLUTE
    RESET                                    0x08000000   Section      304  startup_stm32f10x_hd.o(RESET)
    !!!main                                  0x08000130   Section        8  __main.o(!!!main)
    !!!scatter                               0x08000138   Section       52  __scatter.o(!!!scatter)
    !!handler_copy                           0x0800016c   Section       26  __scatter_copy.o(!!handler_copy)
    !!handler_zi                             0x08000188   Section       28  __scatter_zi.o(!!handler_zi)
    .ARM.Collect$$libinit$$00000000          0x080001a4   Section        2  libinit.o(.ARM.Collect$$libinit$$00000000)
    .ARM.Collect$$libinit$$00000002          0x080001a6   Section        0  libinit2.o(.ARM.Collect$$libinit$$00000002)
    .ARM.Collect$$libinit$$00000004          0x080001a6   Section        0  libinit2.o(.ARM.Collect$$libinit$$00000004)
    .ARM.Collect$$libinit$$0000000A          0x080001a6   Section        0  libinit2.o(.ARM.Collect$$libinit$$0000000A)
    .ARM.Collect$$libinit$$0000000C          0x080001a6   Section        0  libinit2.o(.ARM.Collect$$libinit$$0000000C)
    .ARM.Collect$$libinit$$0000000E          0x080001a6   Section        0  libinit2.o(.ARM.Collect$$libinit$$0000000E)
    .ARM.Collect$$libinit$$00000011          0x080001a6   Section        0  libinit2.o(.ARM.Collect$$libinit$$00000011)
    .ARM.Collect$$libinit$$00000013          0x080001a6   Section        0  libinit2.o(.ARM.Collect$$libinit$$00000013)
    .ARM.Collect$$libinit$$00000015          0x080001a6   Section        0  libinit2.o(.ARM.Collect$$libinit$$00000015)
    .ARM.Collect$$libinit$$00000017          0x080001a6   Section        0  libinit2.o(.ARM.Collect$$libinit$$00000017)
    .ARM.Collect$$libinit$$00000019          0x080001a6   Section        0  libinit2.o(.ARM.Collect$$libinit$$00000019)
    .ARM.Collect$$libinit$$0000001B          0x080001a6   Section        0  libinit2.o(.ARM.Collect$$libinit$$0000001B)
    .ARM.Collect$$libinit$$0000001D          0x080001a6   Section        0  libinit2.o(.ARM.Collect$$libinit$$0000001D)
    .ARM.Collect$$libinit$$0000001F          0x080001a6   Section        0  libinit2.o(.ARM.Collect$$libinit$$0000001F)
    .ARM.Collect$$libinit$$00000021          0x080001a6   Section        0  libinit2.o(.ARM.Collect$$libinit$$00000021)
    .ARM.Collect$$libinit$$00000023          0x080001a6   Section        0  libinit2.o(.ARM.Collect$$libinit$$00000023)
    .ARM.Collect$$libinit$$00000025          0x080001a6   Section        0  libinit2.o(.ARM.Collect$$libinit$$00000025)
    .ARM.Collect$$libinit$$0000002C          0x080001a6   Section        0  libinit2.o(.ARM.Collect$$libinit$$0000002C)
    .ARM.Collect$$libinit$$0000002E          0x080001a6   Section        0  libinit2.o(.ARM.Collect$$libinit$$0000002E)
    .ARM.Collect$$libinit$$00000030          0x080001a6   Section        0  libinit2.o(.ARM.Collect$$libinit$$00000030)
    .ARM.Collect$$libinit$$00000032          0x080001a6   Section        0  libinit2.o(.ARM.Collect$$libinit$$00000032)
    .ARM.Collect$$libinit$$00000033          0x080001a6   Section        2  libinit2.o(.ARM.Collect$$libinit$$00000033)
    .ARM.Collect$$libshutdown$$00000000      0x080001a8   Section        2  libshutdown.o(.ARM.Collect$$libshutdown$$00000000)
    .ARM.Collect$$libshutdown$$00000002      0x080001aa   Section        0  libshutdown2.o(.ARM.Collect$$libshutdown$$00000002)
    .ARM.Collect$$libshutdown$$00000004      0x080001aa   Section        0  libshutdown2.o(.ARM.Collect$$libshutdown$$00000004)
    .ARM.Collect$$libshutdown$$00000007      0x080001aa   Section        0  libshutdown2.o(.ARM.Collect$$libshutdown$$00000007)
    .ARM.Collect$$libshutdown$$0000000A      0x080001aa   Section        0  libshutdown2.o(.ARM.Collect$$libshutdown$$0000000A)
    .ARM.Collect$$libshutdown$$0000000C      0x080001aa   Section        0  libshutdown2.o(.ARM.Collect$$libshutdown$$0000000C)
    .ARM.Collect$$libshutdown$$0000000F      0x080001aa   Section        0  libshutdown2.o(.ARM.Collect$$libshutdown$$0000000F)
    .ARM.Collect$$libshutdown$$00000010      0x080001aa   Section        2  libshutdown2.o(.ARM.Collect$$libshutdown$$00000010)
    .ARM.Collect$$rtentry$$00000000          0x080001ac   Section        0  __rtentry.o(.ARM.Collect$$rtentry$$00000000)
    .ARM.Collect$$rtentry$$00000002          0x080001ac   Section        0  __rtentry2.o(.ARM.Collect$$rtentry$$00000002)
    .ARM.Collect$$rtentry$$00000004          0x080001ac   Section        6  __rtentry4.o(.ARM.Collect$$rtentry$$00000004)
    .ARM.Collect$$rtentry$$00000009          0x080001b2   Section        0  __rtentry2.o(.ARM.Collect$$rtentry$$00000009)
    .ARM.Collect$$rtentry$$0000000A          0x080001b2   Section        4  __rtentry2.o(.ARM.Collect$$rtentry$$0000000A)
    .ARM.Collect$$rtentry$$0000000C          0x080001b6   Section        0  __rtentry2.o(.ARM.Collect$$rtentry$$0000000C)
    .ARM.Collect$$rtentry$$0000000D          0x080001b6   Section        8  __rtentry2.o(.ARM.Collect$$rtentry$$0000000D)
    .ARM.Collect$$rtexit$$00000000           0x080001be   Section        2  rtexit.o(.ARM.Collect$$rtexit$$00000000)
    .ARM.Collect$$rtexit$$00000002           0x080001c0   Section        0  rtexit2.o(.ARM.Collect$$rtexit$$00000002)
    .ARM.Collect$$rtexit$$00000003           0x080001c0   Section        4  rtexit2.o(.ARM.Collect$$rtexit$$00000003)
    .ARM.Collect$$rtexit$$00000004           0x080001c4   Section        6  rtexit2.o(.ARM.Collect$$rtexit$$00000004)
    .text                                    0x080001cc   Section        0  z_main.o(.text)
    .text                                    0x08000980   Section        0  z_setup.o(.text)
    .text                                    0x080009f8   Section        0  z_loop.o(.text)
    .text                                    0x08000ca0   Section        0  z_timer.o(.text)
    .text                                    0x08000e60   Section        0  z_delay.o(.text)
    .text                                    0x08000e84   Section        0  z_key.o(.text)
    .text                                    0x08000ec0   Section        0  z_servo.o(.text)
    .text                                    0x08001104   Section        0  z_stm32f10x_it.o(.text)
    .text                                    0x0800111c   Section        0  stm32f10x_rcc.o(.text)
    .text                                    0x080014c0   Section        0  stm32f10x_gpio.o(.text)
    .text                                    0x0800181c   Section        0  stm32f10x_tim.o(.text)
    TI4_Config                               0x08001cc3   Thumb Code   130  stm32f10x_tim.o(.text)
    TI3_Config                               0x08001d57   Thumb Code   122  stm32f10x_tim.o(.text)
    TI2_Config                               0x08001deb   Thumb Code   130  stm32f10x_tim.o(.text)
    TI1_Config                               0x08001e7f   Thumb Code   108  stm32f10x_tim.o(.text)
    .text                                    0x08002638   Section        0  misc.o(.text)
    .text                                    0x08002714   Section        0  system_stm32f10x.o(.text)
    SetSysClockTo72                          0x08002715   Thumb Code   214  system_stm32f10x.o(.text)
    SetSysClock                              0x080027eb   Thumb Code     8  system_stm32f10x.o(.text)
    .text                                    0x080028f4   Section       64  startup_stm32f10x_hd.o(.text)
    .text                                    0x08002934   Section      100  rt_memcpy_w.o(.text)
    .text                                    0x08002998   Section        0  heapauxi.o(.text)
    .text                                    0x0800299e   Section        0  _rserrno.o(.text)
    .text                                    0x080029b4   Section        8  rt_errno_addr_intlibspace.o(.text)
    .text                                    0x080029bc   Section        8  libspace.o(.text)
    .text                                    0x080029c4   Section       74  sys_stackheap_outer.o(.text)
    .text                                    0x08002a0e   Section        0  exit.o(.text)
    .text                                    0x08002a20   Section        0  sys_exit.o(.text)
    .text                                    0x08002a2c   Section        2  use_no_semi.o(.text)
    .text                                    0x08002a2e   Section        0  indicate_semi.o(.text)
    i.__ARM_fpclassify                       0x08002a2e   Section        0  fpclassify.o(i.__ARM_fpclassify)
    i.__ieee754_rem_pio2                     0x08002a58   Section        0  rred.o(i.__ieee754_rem_pio2)
    i.__kernel_cos                           0x08002de0   Section        0  cos_i.o(i.__kernel_cos)
    i.__kernel_poly                          0x08002edc   Section        0  poly.o(i.__kernel_poly)
    i.__kernel_sin                           0x08002f88   Section        0  sin_i.o(i.__kernel_sin)
    i.__mathlib_dbl_infnan                   0x08003074   Section        0  dunder.o(i.__mathlib_dbl_infnan)
    i.__mathlib_dbl_infnan2                  0x0800307a   Section        0  dunder.o(i.__mathlib_dbl_infnan2)
    i.__mathlib_dbl_invalid                  0x0800307e   Section        0  dunder.o(i.__mathlib_dbl_invalid)
    i.__mathlib_dbl_underflow                0x0800308c   Section        0  dunder.o(i.__mathlib_dbl_underflow)
    i.atan                                   0x0800309c   Section        0  atan.o(i.atan)
    i.atan2                                  0x080032bc   Section        0  atan2.o(i.atan2)
    i.cos                                    0x0800343c   Section        0  cos.o(i.cos)
    i.sin                                    0x080034d8   Section        0  sin.o(i.sin)
    i.sqrt                                   0x08003578   Section        0  sqrt.o(i.sqrt)
    x$fpl$d2f                                0x080035c4   Section       98  d2f.o(x$fpl$d2f)
    x$fpl$dadd                               0x08003628   Section      336  daddsub_clz.o(x$fpl$dadd)
    _dadd1                                   0x08003639   Thumb Code     0  daddsub_clz.o(x$fpl$dadd)
    x$fpl$dcheck1                            0x08003778   Section       16  dcheck1.o(x$fpl$dcheck1)
    x$fpl$dcmpinf                            0x08003788   Section       24  dcmpi.o(x$fpl$dcmpinf)
    x$fpl$ddiv                               0x080037a0   Section      688  ddiv.o(x$fpl$ddiv)
    ddiv_entry                               0x080037a7   Thumb Code     0  ddiv.o(x$fpl$ddiv)
    x$fpl$dfix                               0x08003a50   Section       94  dfix.o(x$fpl$dfix)
    x$fpl$dflt                               0x08003aae   Section       46  dflt_clz.o(x$fpl$dflt)
    x$fpl$dfltu                              0x08003adc   Section       38  dflt_clz.o(x$fpl$dfltu)
    x$fpl$dleqf                              0x08003b04   Section      120  dleqf.o(x$fpl$dleqf)
    x$fpl$dmul                               0x08003b7c   Section      340  dmul.o(x$fpl$dmul)
    x$fpl$dnaninf                            0x08003cd0   Section      156  dnaninf.o(x$fpl$dnaninf)
    x$fpl$dretinf                            0x08003d6c   Section       12  dretinf.o(x$fpl$dretinf)
    x$fpl$drsb                               0x08003d78   Section       22  daddsub_clz.o(x$fpl$drsb)
    x$fpl$dsqrt                              0x08003d90   Section      460  dsqrt_noumaal.o(x$fpl$dsqrt)
    x$fpl$dsub                               0x08003f5c   Section      468  daddsub_clz.o(x$fpl$dsub)
    _dsub1                                   0x08003f6d   Thumb Code     0  daddsub_clz.o(x$fpl$dsub)
    x$fpl$f2d                                0x08004130   Section       86  f2d.o(x$fpl$f2d)
    x$fpl$fadd                               0x08004188   Section      196  faddsub_clz.o(x$fpl$fadd)
    _fadd1                                   0x08004197   Thumb Code     0  faddsub_clz.o(x$fpl$fadd)
    x$fpl$fcmpinf                            0x0800424c   Section       24  fcmpi.o(x$fpl$fcmpinf)
    x$fpl$fdiv                               0x08004264   Section      388  fdiv.o(x$fpl$fdiv)
    _fdiv1                                   0x08004265   Thumb Code     0  fdiv.o(x$fpl$fdiv)
    x$fpl$feqf                               0x080043e8   Section      104  feqf.o(x$fpl$feqf)
    x$fpl$ffix                               0x08004450   Section       54  ffix.o(x$fpl$ffix)
    x$fpl$ffixu                              0x08004488   Section       62  ffixu.o(x$fpl$ffixu)
    x$fpl$fflt                               0x080044c8   Section       48  fflt_clz.o(x$fpl$fflt)
    x$fpl$fleqf                              0x080044f8   Section      104  fleqf.o(x$fpl$fleqf)
    x$fpl$fmul                               0x08004560   Section      258  fmul.o(x$fpl$fmul)
    x$fpl$fnaninf                            0x08004662   Section      140  fnaninf.o(x$fpl$fnaninf)
    x$fpl$fretinf                            0x080046ee   Section       10  fretinf.o(x$fpl$fretinf)
    x$fpl$frleqf                             0x080046f8   Section       98  frleqf.o(x$fpl$frleqf)
    x$fpl$frsb                               0x0800475a   Section       20  faddsub_clz.o(x$fpl$frsb)
    x$fpl$fsub                               0x08004770   Section      234  faddsub_clz.o(x$fpl$fsub)
    _fsub1                                   0x0800477f   Thumb Code     0  faddsub_clz.o(x$fpl$fsub)
    x$fpl$retnan                             0x0800485a   Section      100  retnan.o(x$fpl$retnan)
    x$fpl$scalbn                             0x080048be   Section       92  scalbn.o(x$fpl$scalbn)
    x$fpl$trapveneer                         0x0800491a   Section       48  trapv.o(x$fpl$trapveneer)
    x$fpl$usenofp                            0x0800494a   Section        0  usenofp.o(x$fpl$usenofp)
    .constdata                               0x0800494c   Section       48  z_main.o(.constdata)
    .constdata                               0x08004980   Section      152  atan.o(.constdata)
    atanhi                                   0x08004980   Data          32  atan.o(.constdata)
    atanlo                                   0x080049a0   Data          32  atan.o(.constdata)
    aTodd                                    0x080049c0   Data          40  atan.o(.constdata)
    aTeven                                   0x080049e8   Data          48  atan.o(.constdata)
    .constdata                               0x08004a18   Section       48  cos_i.o(.constdata)
    C                                        0x08004a18   Data          48  cos_i.o(.constdata)
    .constdata                               0x08004a48   Section        8  qnan.o(.constdata)
    .constdata                               0x08004a50   Section      200  rred.o(.constdata)
    pio2s                                    0x08004a50   Data          48  rred.o(.constdata)
    twooverpi                                0x08004a80   Data         152  rred.o(.constdata)
    .constdata                               0x08004b18   Section       40  sin_i.o(.constdata)
    S                                        0x08004b18   Data          40  sin_i.o(.constdata)
    .data                                    0x20000000   Section       56  z_main.o(.data)
    .data                                    0x20000038   Section        4  z_loop.o(.data)
    systick_ms_bak                           0x20000038   Data           4  z_loop.o(.data)
    .data                                    0x2000003c   Section        5  z_timer.o(.data)
    systick_ms                               0x2000003c   Data           4  z_timer.o(.data)
    flag                                     0x20000040   Data           1  z_timer.o(.data)
    .data                                    0x20000044   Section        4  z_delay.o(.data)
    systick_ms_bak                           0x20000044   Data           4  z_delay.o(.data)
    .data                                    0x20000048   Section       20  stm32f10x_rcc.o(.data)
    APBAHBPrescTable                         0x20000048   Data          16  stm32f10x_rcc.o(.data)
    ADCPrescTable                            0x20000058   Data           4  stm32f10x_rcc.o(.data)
    .data                                    0x2000005c   Section       20  system_stm32f10x.o(.data)
    .bss                                     0x20000070   Section      248  z_main.o(.bss)
    .bss                                     0x20000168   Section       96  libspace.o(.bss)
    HEAP                                     0x200001c8   Section      512  startup_stm32f10x_hd.o(HEAP)
    Heap_Mem                                 0x200001c8   Data         512  startup_stm32f10x_hd.o(HEAP)
    STACK                                    0x200003c8   Section     1024  startup_stm32f10x_hd.o(STACK)
    Stack_Mem                                0x200003c8   Data        1024  startup_stm32f10x_hd.o(STACK)
    __initial_sp                             0x200007c8   Data           0  startup_stm32f10x_hd.o(STACK)

    Global Symbols

    Symbol Name                              Value     Ov Type        Size  Object(Section)

    BuildAttributes$$THM_ISAv4$P$D$K$B$S$PE$A:L22UL41UL21$X:L11$S22US41US21$IEEE1$IW$USESV6$~STKCKD$USESV7$~SHL$OTIME$ROPI$IEEEX$EBA8$UX$STANDARDLIB$REQ8$PRES8$EABIv2 0x00000000   Number         0  anon$$obj.o ABSOLUTE
    __ARM_use_no_argv                        0x00000000   Number         0  z_main.o ABSOLUTE
    __ARM_exceptions_init                     - Undefined Weak Reference
    __alloca_initialize                       - Undefined Weak Reference
    __arm_preinit_                            - Undefined Weak Reference
    __cpp_initialize__aeabi_                  - Undefined Weak Reference
    __cxa_finalize                            - Undefined Weak Reference
    __rt_locale                               - Undefined Weak Reference
    __sigvec_lookup                           - Undefined Weak Reference
    _atexit_init                              - Undefined Weak Reference
    _call_atexit_fns                          - Undefined Weak Reference
    _clock_init                               - Undefined Weak Reference
    _fp_trap_init                             - Undefined Weak Reference
    _fp_trap_shutdown                         - Undefined Weak Reference
    _get_lc_collate                           - Undefined Weak Reference
    _get_lc_ctype                             - Undefined Weak Reference
    _get_lc_monetary                          - Undefined Weak Reference
    _get_lc_numeric                           - Undefined Weak Reference
    _get_lc_time                              - Undefined Weak Reference
    _getenv_init                              - Undefined Weak Reference
    _handle_redirection                       - Undefined Weak Reference
    _init_alloc                               - Undefined Weak Reference
    _init_user_alloc                          - Undefined Weak Reference
    _initio                                   - Undefined Weak Reference
    _rand_init                                - Undefined Weak Reference
    _signal_finish                            - Undefined Weak Reference
    _signal_init                              - Undefined Weak Reference
    _terminate_alloc                          - Undefined Weak Reference
    _terminate_user_alloc                     - Undefined Weak Reference
    _terminateio                              - Undefined Weak Reference
    __Vectors_Size                           0x00000130   Number         0  startup_stm32f10x_hd.o ABSOLUTE
    __Vectors                                0x08000000   Data           4  startup_stm32f10x_hd.o(RESET)
    __Vectors_End                            0x08000130   Data           0  startup_stm32f10x_hd.o(RESET)
    __main                                   0x08000131   Thumb Code     8  __main.o(!!!main)
    __scatterload                            0x08000139   Thumb Code     0  __scatter.o(!!!scatter)
    __scatterload_rt2                        0x08000139   Thumb Code    44  __scatter.o(!!!scatter)
    __scatterload_rt2_thumb_only             0x08000139   Thumb Code     0  __scatter.o(!!!scatter)
    __scatterload_null                       0x08000147   Thumb Code     0  __scatter.o(!!!scatter)
    __scatterload_copy                       0x0800016d   Thumb Code    26  __scatter_copy.o(!!handler_copy)
    __scatterload_zeroinit                   0x08000189   Thumb Code    28  __scatter_zi.o(!!handler_zi)
    __rt_lib_init                            0x080001a5   Thumb Code     0  libinit.o(.ARM.Collect$$libinit$$00000000)
    __rt_lib_init_alloca_1                   0x080001a7   Thumb Code     0  libinit2.o(.ARM.Collect$$libinit$$0000002E)
    __rt_lib_init_argv_1                     0x080001a7   Thumb Code     0  libinit2.o(.ARM.Collect$$libinit$$0000002C)
    __rt_lib_init_atexit_1                   0x080001a7   Thumb Code     0  libinit2.o(.ARM.Collect$$libinit$$0000001B)
    __rt_lib_init_clock_1                    0x080001a7   Thumb Code     0  libinit2.o(.ARM.Collect$$libinit$$00000021)
    __rt_lib_init_cpp_1                      0x080001a7   Thumb Code     0  libinit2.o(.ARM.Collect$$libinit$$00000032)
    __rt_lib_init_exceptions_1               0x080001a7   Thumb Code     0  libinit2.o(.ARM.Collect$$libinit$$00000030)
    __rt_lib_init_fp_1                       0x080001a7   Thumb Code     0  libinit2.o(.ARM.Collect$$libinit$$00000002)
    __rt_lib_init_fp_trap_1                  0x080001a7   Thumb Code     0  libinit2.o(.ARM.Collect$$libinit$$0000001F)
    __rt_lib_init_getenv_1                   0x080001a7   Thumb Code     0  libinit2.o(.ARM.Collect$$libinit$$00000023)
    __rt_lib_init_heap_1                     0x080001a7   Thumb Code     0  libinit2.o(.ARM.Collect$$libinit$$0000000A)
    __rt_lib_init_lc_collate_1               0x080001a7   Thumb Code     0  libinit2.o(.ARM.Collect$$libinit$$00000011)
    __rt_lib_init_lc_ctype_1                 0x080001a7   Thumb Code     0  libinit2.o(.ARM.Collect$$libinit$$00000013)
    __rt_lib_init_lc_monetary_1              0x080001a7   Thumb Code     0  libinit2.o(.ARM.Collect$$libinit$$00000015)
    __rt_lib_init_lc_numeric_1               0x080001a7   Thumb Code     0  libinit2.o(.ARM.Collect$$libinit$$00000017)
    __rt_lib_init_lc_time_1                  0x080001a7   Thumb Code     0  libinit2.o(.ARM.Collect$$libinit$$00000019)
    __rt_lib_init_preinit_1                  0x080001a7   Thumb Code     0  libinit2.o(.ARM.Collect$$libinit$$00000004)
    __rt_lib_init_rand_1                     0x080001a7   Thumb Code     0  libinit2.o(.ARM.Collect$$libinit$$0000000E)
    __rt_lib_init_return                     0x080001a7   Thumb Code     0  libinit2.o(.ARM.Collect$$libinit$$00000033)
    __rt_lib_init_signal_1                   0x080001a7   Thumb Code     0  libinit2.o(.ARM.Collect$$libinit$$0000001D)
    __rt_lib_init_stdio_1                    0x080001a7   Thumb Code     0  libinit2.o(.ARM.Collect$$libinit$$00000025)
    __rt_lib_init_user_alloc_1               0x080001a7   Thumb Code     0  libinit2.o(.ARM.Collect$$libinit$$0000000C)
    __rt_lib_shutdown                        0x080001a9   Thumb Code     0  libshutdown.o(.ARM.Collect$$libshutdown$$00000000)
    __rt_lib_shutdown_cpp_1                  0x080001ab   Thumb Code     0  libshutdown2.o(.ARM.Collect$$libshutdown$$00000002)
    __rt_lib_shutdown_fp_trap_1              0x080001ab   Thumb Code     0  libshutdown2.o(.ARM.Collect$$libshutdown$$00000007)
    __rt_lib_shutdown_heap_1                 0x080001ab   Thumb Code     0  libshutdown2.o(.ARM.Collect$$libshutdown$$0000000F)
    __rt_lib_shutdown_return                 0x080001ab   Thumb Code     0  libshutdown2.o(.ARM.Collect$$libshutdown$$00000010)
    __rt_lib_shutdown_signal_1               0x080001ab   Thumb Code     0  libshutdown2.o(.ARM.Collect$$libshutdown$$0000000A)
    __rt_lib_shutdown_stdio_1                0x080001ab   Thumb Code     0  libshutdown2.o(.ARM.Collect$$libshutdown$$00000004)
    __rt_lib_shutdown_user_alloc_1           0x080001ab   Thumb Code     0  libshutdown2.o(.ARM.Collect$$libshutdown$$0000000C)
    __rt_entry                               0x080001ad   Thumb Code     0  __rtentry.o(.ARM.Collect$$rtentry$$00000000)
    __rt_entry_presh_1                       0x080001ad   Thumb Code     0  __rtentry2.o(.ARM.Collect$$rtentry$$00000002)
    __rt_entry_sh                            0x080001ad   Thumb Code     0  __rtentry4.o(.ARM.Collect$$rtentry$$00000004)
    __rt_entry_li                            0x080001b3   Thumb Code     0  __rtentry2.o(.ARM.Collect$$rtentry$$0000000A)
    __rt_entry_postsh_1                      0x080001b3   Thumb Code     0  __rtentry2.o(.ARM.Collect$$rtentry$$00000009)
    __rt_entry_main                          0x080001b7   Thumb Code     0  __rtentry2.o(.ARM.Collect$$rtentry$$0000000D)
    __rt_entry_postli_1                      0x080001b7   Thumb Code     0  __rtentry2.o(.ARM.Collect$$rtentry$$0000000C)
    __rt_exit                                0x080001bf   Thumb Code     0  rtexit.o(.ARM.Collect$$rtexit$$00000000)
    __rt_exit_ls                             0x080001c1   Thumb Code     0  rtexit2.o(.ARM.Collect$$rtexit$$00000003)
    __rt_exit_prels_1                        0x080001c1   Thumb Code     0  rtexit2.o(.ARM.Collect$$rtexit$$00000002)
    __rt_exit_exit                           0x080001c5   Thumb Code     0  rtexit2.o(.ARM.Collect$$rtexit$$00000004)
    Angle2Duty                               0x080001cd   Thumb Code    76  z_main.o(.text)
    LinearInterpolation                      0x08000219   Thumb Code   100  z_main.o(.text)
    control                                  0x0800027d   Thumb Code   118  z_main.o(.text)
    over                                     0x080002f3   Thumb Code    60  z_main.o(.text)
    value                                    0x0800032f   Thumb Code    44  z_main.o(.text)
    move                                     0x0800035b   Thumb Code   114  z_main.o(.text)
    putup                                    0x080003cd   Thumb Code   276  z_main.o(.text)
    ikine                                    0x080004e1   Thumb Code  1014  z_main.o(.text)
    main                                     0x080008d7   Thumb Code   112  z_main.o(.text)
    setup_systick                            0x08000981   Thumb Code     8  z_setup.o(.text)
    setup_key                                0x08000989   Thumb Code     8  z_setup.o(.text)
    setup_servo                              0x08000991   Thumb Code    90  z_setup.o(.text)
    loop_key                                 0x080009f9   Thumb Code   396  z_loop.o(.text)
    loop_servo                               0x08000b85   Thumb Code   252  z_loop.o(.text)
    systick_init                             0x08000ca1   Thumb Code    74  z_timer.o(.text)
    SysTick_Handler                          0x08000ceb   Thumb Code    12  z_timer.o(.text)
    millis                                   0x08000cf7   Thumb Code     6  z_timer.o(.text)
    TIM2_init                                0x08000cfd   Thumb Code   104  z_timer.o(.text)
    TIM2_IRQHandler                          0x08000d65   Thumb Code   216  z_timer.o(.text)
    delay_ms                                 0x08000e61   Thumb Code    30  z_delay.o(.text)
    key_init                                 0x08000e85   Thumb Code    56  z_key.o(.text)
    servo_set                                0x08000ec1   Thumb Code   174  z_servo.o(.text)
    servo_init                               0x08000f6f   Thumb Code    96  z_servo.o(.text)
    servo_abs                                0x08000fcf   Thumb Code    28  z_servo.o(.text)
    servo_run                                0x08000feb   Thumb Code   254  z_servo.o(.text)
    NMI_Handler                              0x08001105   Thumb Code     2  z_stm32f10x_it.o(.text)
    HardFault_Handler                        0x08001107   Thumb Code     4  z_stm32f10x_it.o(.text)
    MemManage_Handler                        0x0800110b   Thumb Code     4  z_stm32f10x_it.o(.text)
    BusFault_Handler                         0x0800110f   Thumb Code     4  z_stm32f10x_it.o(.text)
    UsageFault_Handler                       0x08001113   Thumb Code     4  z_stm32f10x_it.o(.text)
    SVC_Handler                              0x08001117   Thumb Code     2  z_stm32f10x_it.o(.text)
    DebugMon_Handler                         0x08001119   Thumb Code     2  z_stm32f10x_it.o(.text)
    PendSV_Handler                           0x0800111b   Thumb Code     2  z_stm32f10x_it.o(.text)
    RCC_DeInit                               0x0800111d   Thumb Code    64  stm32f10x_rcc.o(.text)
    RCC_HSEConfig                            0x0800115d   Thumb Code    70  stm32f10x_rcc.o(.text)
    RCC_GetFlagStatus                        0x080011a3   Thumb Code    56  stm32f10x_rcc.o(.text)
    RCC_WaitForHSEStartUp                    0x080011db   Thumb Code    56  stm32f10x_rcc.o(.text)
    RCC_AdjustHSICalibrationValue            0x08001213   Thumb Code    20  stm32f10x_rcc.o(.text)
    RCC_HSICmd                               0x08001227   Thumb Code     6  stm32f10x_rcc.o(.text)
    RCC_PLLConfig                            0x0800122d   Thumb Code    24  stm32f10x_rcc.o(.text)
    RCC_PLLCmd                               0x08001245   Thumb Code     6  stm32f10x_rcc.o(.text)
    RCC_SYSCLKConfig                         0x0800124b   Thumb Code    18  stm32f10x_rcc.o(.text)
    RCC_GetSYSCLKSource                      0x0800125d   Thumb Code    10  stm32f10x_rcc.o(.text)
    RCC_HCLKConfig                           0x08001267   Thumb Code    18  stm32f10x_rcc.o(.text)
    RCC_PCLK1Config                          0x08001279   Thumb Code    18  stm32f10x_rcc.o(.text)
    RCC_PCLK2Config                          0x0800128b   Thumb Code    20  stm32f10x_rcc.o(.text)
    RCC_ITConfig                             0x0800129f   Thumb Code    26  stm32f10x_rcc.o(.text)
    RCC_USBCLKConfig                         0x080012b9   Thumb Code     8  stm32f10x_rcc.o(.text)
    RCC_ADCCLKConfig                         0x080012c1   Thumb Code    18  stm32f10x_rcc.o(.text)
    RCC_LSEConfig                            0x080012d3   Thumb Code    50  stm32f10x_rcc.o(.text)
    RCC_LSICmd                               0x08001305   Thumb Code     6  stm32f10x_rcc.o(.text)
    RCC_RTCCLKConfig                         0x0800130b   Thumb Code    12  stm32f10x_rcc.o(.text)
    RCC_RTCCLKCmd                            0x08001317   Thumb Code     8  stm32f10x_rcc.o(.text)
    RCC_GetClocksFreq                        0x0800131f   Thumb Code   192  stm32f10x_rcc.o(.text)
    RCC_AHBPeriphClockCmd                    0x080013df   Thumb Code    26  stm32f10x_rcc.o(.text)
    RCC_APB2PeriphClockCmd                   0x080013f9   Thumb Code    26  stm32f10x_rcc.o(.text)
    RCC_APB1PeriphClockCmd                   0x08001413   Thumb Code    26  stm32f10x_rcc.o(.text)
    RCC_APB2PeriphResetCmd                   0x0800142d   Thumb Code    26  stm32f10x_rcc.o(.text)
    RCC_APB1PeriphResetCmd                   0x08001447   Thumb Code    26  stm32f10x_rcc.o(.text)
    RCC_BackupResetCmd                       0x08001461   Thumb Code     8  stm32f10x_rcc.o(.text)
    RCC_ClockSecuritySystemCmd               0x08001469   Thumb Code     6  stm32f10x_rcc.o(.text)
    RCC_MCOConfig                            0x0800146f   Thumb Code     6  stm32f10x_rcc.o(.text)
    RCC_ClearFlag                            0x08001475   Thumb Code    14  stm32f10x_rcc.o(.text)
    RCC_GetITStatus                          0x08001483   Thumb Code    20  stm32f10x_rcc.o(.text)
    RCC_ClearITPendingBit                    0x08001497   Thumb Code     6  stm32f10x_rcc.o(.text)
    GPIO_DeInit                              0x080014c1   Thumb Code   172  stm32f10x_gpio.o(.text)
    GPIO_AFIODeInit                          0x0800156d   Thumb Code    20  stm32f10x_gpio.o(.text)
    GPIO_Init                                0x08001581   Thumb Code   278  stm32f10x_gpio.o(.text)
    GPIO_StructInit                          0x08001697   Thumb Code    16  stm32f10x_gpio.o(.text)
    GPIO_ReadInputDataBit                    0x080016a7   Thumb Code    18  stm32f10x_gpio.o(.text)
    GPIO_ReadInputData                       0x080016b9   Thumb Code     8  stm32f10x_gpio.o(.text)
    GPIO_ReadOutputDataBit                   0x080016c1   Thumb Code    18  stm32f10x_gpio.o(.text)
    GPIO_ReadOutputData                      0x080016d3   Thumb Code     8  stm32f10x_gpio.o(.text)
    GPIO_SetBits                             0x080016db   Thumb Code     4  stm32f10x_gpio.o(.text)
    GPIO_ResetBits                           0x080016df   Thumb Code     4  stm32f10x_gpio.o(.text)
    GPIO_WriteBit                            0x080016e3   Thumb Code    10  stm32f10x_gpio.o(.text)
    GPIO_Write                               0x080016ed   Thumb Code     4  stm32f10x_gpio.o(.text)
    GPIO_PinLockConfig                       0x080016f1   Thumb Code    18  stm32f10x_gpio.o(.text)
    GPIO_EventOutputConfig                   0x08001703   Thumb Code    26  stm32f10x_gpio.o(.text)
    GPIO_EventOutputCmd                      0x0800171d   Thumb Code     6  stm32f10x_gpio.o(.text)
    GPIO_PinRemapConfig                      0x08001723   Thumb Code   138  stm32f10x_gpio.o(.text)
    GPIO_EXTILineConfig                      0x080017ad   Thumb Code    66  stm32f10x_gpio.o(.text)
    GPIO_ETH_MediaInterfaceConfig            0x080017ef   Thumb Code     8  stm32f10x_gpio.o(.text)
    TIM_DeInit                               0x0800181d   Thumb Code   424  stm32f10x_tim.o(.text)
    TIM_TimeBaseInit                         0x080019c5   Thumb Code   122  stm32f10x_tim.o(.text)
    TIM_OC1Init                              0x08001a3f   Thumb Code   132  stm32f10x_tim.o(.text)
    TIM_OC2Init                              0x08001ac3   Thumb Code   154  stm32f10x_tim.o(.text)
    TIM_OC3Init                              0x08001b5d   Thumb Code   150  stm32f10x_tim.o(.text)
    TIM_OC4Init                              0x08001bf3   Thumb Code   182  stm32f10x_tim.o(.text)
    TIM_SetIC4Prescaler                      0x08001ca9   Thumb Code    26  stm32f10x_tim.o(.text)
    TIM_SetIC3Prescaler                      0x08001d45   Thumb Code    18  stm32f10x_tim.o(.text)
    TIM_SetIC2Prescaler                      0x08001dd1   Thumb Code    26  stm32f10x_tim.o(.text)
    TIM_SetIC1Prescaler                      0x08001e6d   Thumb Code    18  stm32f10x_tim.o(.text)
    TIM_ICInit                               0x08001eeb   Thumb Code   150  stm32f10x_tim.o(.text)
    TIM_PWMIConfig                           0x08001f81   Thumb Code   124  stm32f10x_tim.o(.text)
    TIM_BDTRConfig                           0x08001ffd   Thumb Code    32  stm32f10x_tim.o(.text)
    TIM_TimeBaseStructInit                   0x0800201d   Thumb Code    18  stm32f10x_tim.o(.text)
    TIM_OCStructInit                         0x0800202f   Thumb Code    20  stm32f10x_tim.o(.text)
    TIM_ICStructInit                         0x08002043   Thumb Code    18  stm32f10x_tim.o(.text)
    TIM_BDTRStructInit                       0x08002055   Thumb Code    40  stm32f10x_tim.o(.text)
    TIM_Cmd                                  0x0800207d   Thumb Code    24  stm32f10x_tim.o(.text)
    TIM_CtrlPWMOutputs                       0x08002095   Thumb Code    30  stm32f10x_tim.o(.text)
    TIM_ITConfig                             0x080020b3   Thumb Code    18  stm32f10x_tim.o(.text)
    TIM_GenerateEvent                        0x080020c5   Thumb Code     4  stm32f10x_tim.o(.text)
    TIM_DMAConfig                            0x080020c9   Thumb Code    10  stm32f10x_tim.o(.text)
    TIM_DMACmd                               0x080020d3   Thumb Code    18  stm32f10x_tim.o(.text)
    TIM_InternalClockConfig                  0x080020e5   Thumb Code    12  stm32f10x_tim.o(.text)
    TIM_SelectInputTrigger                   0x080020f1   Thumb Code    18  stm32f10x_tim.o(.text)
    TIM_ITRxExternalClockConfig              0x08002103   Thumb Code    24  stm32f10x_tim.o(.text)
    TIM_TIxExternalClockConfig               0x0800211b   Thumb Code    62  stm32f10x_tim.o(.text)
    TIM_ETRConfig                            0x08002159   Thumb Code    28  stm32f10x_tim.o(.text)
    TIM_ETRClockMode1Config                  0x08002175   Thumb Code    54  stm32f10x_tim.o(.text)
    TIM_ETRClockMode2Config                  0x080021ab   Thumb Code    32  stm32f10x_tim.o(.text)
    TIM_PrescalerConfig                      0x080021cb   Thumb Code     6  stm32f10x_tim.o(.text)
    TIM_CounterModeConfig                    0x080021d1   Thumb Code    18  stm32f10x_tim.o(.text)
    TIM_EncoderInterfaceConfig               0x080021e3   Thumb Code    66  stm32f10x_tim.o(.text)
    TIM_ForcedOC1Config                      0x08002225   Thumb Code    18  stm32f10x_tim.o(.text)
    TIM_ForcedOC2Config                      0x08002237   Thumb Code    26  stm32f10x_tim.o(.text)
    TIM_ForcedOC3Config                      0x08002251   Thumb Code    18  stm32f10x_tim.o(.text)
    TIM_ForcedOC4Config                      0x08002263   Thumb Code    26  stm32f10x_tim.o(.text)
    TIM_ARRPreloadConfig                     0x0800227d   Thumb Code    24  stm32f10x_tim.o(.text)
    TIM_SelectCOM                            0x08002295   Thumb Code    24  stm32f10x_tim.o(.text)
    TIM_SelectCCDMA                          0x080022ad   Thumb Code    24  stm32f10x_tim.o(.text)
    TIM_CCPreloadControl                     0x080022c5   Thumb Code    24  stm32f10x_tim.o(.text)
    TIM_OC1PreloadConfig                     0x080022dd   Thumb Code    18  stm32f10x_tim.o(.text)
    TIM_OC2PreloadConfig                     0x080022ef   Thumb Code    26  stm32f10x_tim.o(.text)
    TIM_OC3PreloadConfig                     0x08002309   Thumb Code    18  stm32f10x_tim.o(.text)
    TIM_OC4PreloadConfig                     0x0800231b   Thumb Code    26  stm32f10x_tim.o(.text)
    TIM_OC1FastConfig                        0x08002335   Thumb Code    18  stm32f10x_tim.o(.text)
    TIM_OC2FastConfig                        0x08002347   Thumb Code    26  stm32f10x_tim.o(.text)
    TIM_OC3FastConfig                        0x08002361   Thumb Code    18  stm32f10x_tim.o(.text)
    TIM_OC4FastConfig                        0x08002373   Thumb Code    26  stm32f10x_tim.o(.text)
    TIM_ClearOC1Ref                          0x0800238d   Thumb Code    18  stm32f10x_tim.o(.text)
    TIM_ClearOC2Ref                          0x0800239f   Thumb Code    24  stm32f10x_tim.o(.text)
    TIM_ClearOC3Ref                          0x080023b7   Thumb Code    18  stm32f10x_tim.o(.text)
    TIM_ClearOC4Ref                          0x080023c9   Thumb Code    24  stm32f10x_tim.o(.text)
    TIM_OC1PolarityConfig                    0x080023e1   Thumb Code    18  stm32f10x_tim.o(.text)
    TIM_OC1NPolarityConfig                   0x080023f3   Thumb Code    18  stm32f10x_tim.o(.text)
    TIM_OC2PolarityConfig                    0x08002405   Thumb Code    26  stm32f10x_tim.o(.text)
    TIM_OC2NPolarityConfig                   0x0800241f   Thumb Code    26  stm32f10x_tim.o(.text)
    TIM_OC3PolarityConfig                    0x08002439   Thumb Code    26  stm32f10x_tim.o(.text)
    TIM_OC3NPolarityConfig                   0x08002453   Thumb Code    26  stm32f10x_tim.o(.text)
    TIM_OC4PolarityConfig                    0x0800246d   Thumb Code    26  stm32f10x_tim.o(.text)
    TIM_CCxCmd                               0x08002487   Thumb Code    30  stm32f10x_tim.o(.text)
    TIM_CCxNCmd                              0x080024a5   Thumb Code    30  stm32f10x_tim.o(.text)
    TIM_SelectOCxM                           0x080024c3   Thumb Code    82  stm32f10x_tim.o(.text)
    TIM_UpdateDisableConfig                  0x08002515   Thumb Code    24  stm32f10x_tim.o(.text)
    TIM_UpdateRequestConfig                  0x0800252d   Thumb Code    24  stm32f10x_tim.o(.text)
    TIM_SelectHallSensor                     0x08002545   Thumb Code    24  stm32f10x_tim.o(.text)
    TIM_SelectOnePulseMode                   0x0800255d   Thumb Code    18  stm32f10x_tim.o(.text)
    TIM_SelectOutputTrigger                  0x0800256f   Thumb Code    18  stm32f10x_tim.o(.text)
    TIM_SelectSlaveMode                      0x08002581   Thumb Code    18  stm32f10x_tim.o(.text)
    TIM_SelectMasterSlaveMode                0x08002593   Thumb Code    18  stm32f10x_tim.o(.text)
    TIM_SetCounter                           0x080025a5   Thumb Code     4  stm32f10x_tim.o(.text)
    TIM_SetAutoreload                        0x080025a9   Thumb Code     4  stm32f10x_tim.o(.text)
    TIM_SetCompare1                          0x080025ad   Thumb Code     4  stm32f10x_tim.o(.text)
    TIM_SetCompare2                          0x080025b1   Thumb Code     4  stm32f10x_tim.o(.text)
    TIM_SetCompare3                          0x080025b5   Thumb Code     4  stm32f10x_tim.o(.text)
    TIM_SetCompare4                          0x080025b9   Thumb Code     6  stm32f10x_tim.o(.text)
    TIM_SetClockDivision                     0x080025bf   Thumb Code    18  stm32f10x_tim.o(.text)
    TIM_GetCapture1                          0x080025d1   Thumb Code     6  stm32f10x_tim.o(.text)
    TIM_GetCapture2                          0x080025d7   Thumb Code     6  stm32f10x_tim.o(.text)
    TIM_GetCapture3                          0x080025dd   Thumb Code     6  stm32f10x_tim.o(.text)
    TIM_GetCapture4                          0x080025e3   Thumb Code     8  stm32f10x_tim.o(.text)
    TIM_GetCounter                           0x080025eb   Thumb Code     6  stm32f10x_tim.o(.text)
    TIM_GetPrescaler                         0x080025f1   Thumb Code     6  stm32f10x_tim.o(.text)
    TIM_GetFlagStatus                        0x080025f7   Thumb Code    18  stm32f10x_tim.o(.text)
    TIM_ClearFlag                            0x08002609   Thumb Code     6  stm32f10x_tim.o(.text)
    TIM_GetITStatus                          0x0800260f   Thumb Code    34  stm32f10x_tim.o(.text)
    TIM_ClearITPendingBit                    0x08002631   Thumb Code     6  stm32f10x_tim.o(.text)
    NVIC_PriorityGroupConfig                 0x08002639   Thumb Code    10  misc.o(.text)
    NVIC_Init                                0x08002643   Thumb Code   100  misc.o(.text)
    NVIC_SetVectorTable                      0x080026a7   Thumb Code    14  misc.o(.text)
    NVIC_SystemLPConfig                      0x080026b5   Thumb Code    34  misc.o(.text)
    SysTick_CLKSourceConfig                  0x080026d7   Thumb Code    40  misc.o(.text)
    SystemInit                               0x080027f3   Thumb Code    78  system_stm32f10x.o(.text)
    SystemCoreClockUpdate                    0x08002841   Thumb Code   142  system_stm32f10x.o(.text)
    Reset_Handler                            0x080028f5   Thumb Code     8  startup_stm32f10x_hd.o(.text)
    ADC1_2_IRQHandler                        0x0800290f   Thumb Code     0  startup_stm32f10x_hd.o(.text)
    ADC3_IRQHandler                          0x0800290f   Thumb Code     0  startup_stm32f10x_hd.o(.text)
    CAN1_RX1_IRQHandler                      0x0800290f   Thumb Code     0  startup_stm32f10x_hd.o(.text)
    CAN1_SCE_IRQHandler                      0x0800290f   Thumb Code     0  startup_stm32f10x_hd.o(.text)
    DMA1_Channel1_IRQHandler                 0x0800290f   Thumb Code     0  startup_stm32f10x_hd.o(.text)
    DMA1_Channel2_IRQHandler                 0x0800290f   Thumb Code     0  startup_stm32f10x_hd.o(.text)
    DMA1_Channel3_IRQHandler                 0x0800290f   Thumb Code     0  startup_stm32f10x_hd.o(.text)
    DMA1_Channel4_IRQHandler                 0x0800290f   Thumb Code     0  startup_stm32f10x_hd.o(.text)
    DMA1_Channel5_IRQHandler                 0x0800290f   Thumb Code     0  startup_stm32f10x_hd.o(.text)
    DMA1_Channel6_IRQHandler                 0x0800290f   Thumb Code     0  startup_stm32f10x_hd.o(.text)
    DMA1_Channel7_IRQHandler                 0x0800290f   Thumb Code     0  startup_stm32f10x_hd.o(.text)
    DMA2_Channel1_IRQHandler                 0x0800290f   Thumb Code     0  startup_stm32f10x_hd.o(.text)
    DMA2_Channel2_IRQHandler                 0x0800290f   Thumb Code     0  startup_stm32f10x_hd.o(.text)
    DMA2_Channel3_IRQHandler                 0x0800290f   Thumb Code     0  startup_stm32f10x_hd.o(.text)
    DMA2_Channel4_5_IRQHandler               0x0800290f   Thumb Code     0  startup_stm32f10x_hd.o(.text)
    EXTI0_IRQHandler                         0x0800290f   Thumb Code     0  startup_stm32f10x_hd.o(.text)
    EXTI15_10_IRQHandler                     0x0800290f   Thumb Code     0  startup_stm32f10x_hd.o(.text)
    EXTI1_IRQHandler                         0x0800290f   Thumb Code     0  startup_stm32f10x_hd.o(.text)
    EXTI2_IRQHandler                         0x0800290f   Thumb Code     0  startup_stm32f10x_hd.o(.text)
    EXTI3_IRQHandler                         0x0800290f   Thumb Code     0  startup_stm32f10x_hd.o(.text)
    EXTI4_IRQHandler                         0x0800290f   Thumb Code     0  startup_stm32f10x_hd.o(.text)
    EXTI9_5_IRQHandler                       0x0800290f   Thumb Code     0  startup_stm32f10x_hd.o(.text)
    FLASH_IRQHandler                         0x0800290f   Thumb Code     0  startup_stm32f10x_hd.o(.text)
    FSMC_IRQHandler                          0x0800290f   Thumb Code     0  startup_stm32f10x_hd.o(.text)
    I2C1_ER_IRQHandler                       0x0800290f   Thumb Code     0  startup_stm32f10x_hd.o(.text)
    I2C1_EV_IRQHandler                       0x0800290f   Thumb Code     0  startup_stm32f10x_hd.o(.text)
    I2C2_ER_IRQHandler                       0x0800290f   Thumb Code     0  startup_stm32f10x_hd.o(.text)
    I2C2_EV_IRQHandler                       0x0800290f   Thumb Code     0  startup_stm32f10x_hd.o(.text)
    PVD_IRQHandler                           0x0800290f   Thumb Code     0  startup_stm32f10x_hd.o(.text)
    RCC_IRQHandler                           0x0800290f   Thumb Code     0  startup_stm32f10x_hd.o(.text)
    RTCAlarm_IRQHandler                      0x0800290f   Thumb Code     0  startup_stm32f10x_hd.o(.text)
    RTC_IRQHandler                           0x0800290f   Thumb Code     0  startup_stm32f10x_hd.o(.text)
    SDIO_IRQHandler                          0x0800290f   Thumb Code     0  startup_stm32f10x_hd.o(.text)
    SPI1_IRQHandler                          0x0800290f   Thumb Code     0  startup_stm32f10x_hd.o(.text)
    SPI2_IRQHandler                          0x0800290f   Thumb Code     0  startup_stm32f10x_hd.o(.text)
    SPI3_IRQHandler                          0x0800290f   Thumb Code     0  startup_stm32f10x_hd.o(.text)
    TAMPER_IRQHandler                        0x0800290f   Thumb Code     0  startup_stm32f10x_hd.o(.text)
    TIM1_BRK_IRQHandler                      0x0800290f   Thumb Code     0  startup_stm32f10x_hd.o(.text)
    TIM1_CC_IRQHandler                       0x0800290f   Thumb Code     0  startup_stm32f10x_hd.o(.text)
    TIM1_TRG_COM_IRQHandler                  0x0800290f   Thumb Code     0  startup_stm32f10x_hd.o(.text)
    TIM1_UP_IRQHandler                       0x0800290f   Thumb Code     0  startup_stm32f10x_hd.o(.text)
    TIM3_IRQHandler                          0x0800290f   Thumb Code     0  startup_stm32f10x_hd.o(.text)
    TIM4_IRQHandler                          0x0800290f   Thumb Code     0  startup_stm32f10x_hd.o(.text)
    TIM5_IRQHandler                          0x0800290f   Thumb Code     0  startup_stm32f10x_hd.o(.text)
    TIM6_IRQHandler                          0x0800290f   Thumb Code     0  startup_stm32f10x_hd.o(.text)
    TIM7_IRQHandler                          0x0800290f   Thumb Code     0  startup_stm32f10x_hd.o(.text)
    TIM8_BRK_IRQHandler                      0x0800290f   Thumb Code     0  startup_stm32f10x_hd.o(.text)
    TIM8_CC_IRQHandler                       0x0800290f   Thumb Code     0  startup_stm32f10x_hd.o(.text)
    TIM8_TRG_COM_IRQHandler                  0x0800290f   Thumb Code     0  startup_stm32f10x_hd.o(.text)
    TIM8_UP_IRQHandler                       0x0800290f   Thumb Code     0  startup_stm32f10x_hd.o(.text)
    UART4_IRQHandler                         0x0800290f   Thumb Code     0  startup_stm32f10x_hd.o(.text)
    UART5_IRQHandler                         0x0800290f   Thumb Code     0  startup_stm32f10x_hd.o(.text)
    USART1_IRQHandler                        0x0800290f   Thumb Code     0  startup_stm32f10x_hd.o(.text)
    USART2_IRQHandler                        0x0800290f   Thumb Code     0  startup_stm32f10x_hd.o(.text)
    USART3_IRQHandler                        0x0800290f   Thumb Code     0  startup_stm32f10x_hd.o(.text)
    USBWakeUp_IRQHandler                     0x0800290f   Thumb Code     0  startup_stm32f10x_hd.o(.text)
    USB_HP_CAN1_TX_IRQHandler                0x0800290f   Thumb Code     0  startup_stm32f10x_hd.o(.text)
    USB_LP_CAN1_RX0_IRQHandler               0x0800290f   Thumb Code     0  startup_stm32f10x_hd.o(.text)
    WWDG_IRQHandler                          0x0800290f   Thumb Code     0  startup_stm32f10x_hd.o(.text)
    __user_initial_stackheap                 0x08002911   Thumb Code     0  startup_stm32f10x_hd.o(.text)
    __aeabi_memcpy4                          0x08002935   Thumb Code     0  rt_memcpy_w.o(.text)
    __aeabi_memcpy8                          0x08002935   Thumb Code     0  rt_memcpy_w.o(.text)
    __rt_memcpy_w                            0x08002935   Thumb Code   100  rt_memcpy_w.o(.text)
    _memcpy_lastbytes_aligned                0x0800297d   Thumb Code     0  rt_memcpy_w.o(.text)
    __use_two_region_memory                  0x08002999   Thumb Code     2  heapauxi.o(.text)
    __rt_heap_escrow$2region                 0x0800299b   Thumb Code     2  heapauxi.o(.text)
    __rt_heap_expand$2region                 0x0800299d   Thumb Code     2  heapauxi.o(.text)
    __read_errno                             0x0800299f   Thumb Code    10  _rserrno.o(.text)
    __set_errno                              0x080029a9   Thumb Code    12  _rserrno.o(.text)
    __aeabi_errno_addr                       0x080029b5   Thumb Code     8  rt_errno_addr_intlibspace.o(.text)
    __errno$intlibspace                      0x080029b5   Thumb Code     0  rt_errno_addr_intlibspace.o(.text)
    __rt_errno_addr$intlibspace              0x080029b5   Thumb Code     0  rt_errno_addr_intlibspace.o(.text)
    __user_libspace                          0x080029bd   Thumb Code     8  libspace.o(.text)
    __user_perproc_libspace                  0x080029bd   Thumb Code     0  libspace.o(.text)
    __user_perthread_libspace                0x080029bd   Thumb Code     0  libspace.o(.text)
    __user_setup_stackheap                   0x080029c5   Thumb Code    74  sys_stackheap_outer.o(.text)
    exit                                     0x08002a0f   Thumb Code    18  exit.o(.text)
    _sys_exit                                0x08002a21   Thumb Code     8  sys_exit.o(.text)
    __I$use$semihosting                      0x08002a2d   Thumb Code     0  use_no_semi.o(.text)
    __use_no_semihosting_swi                 0x08002a2d   Thumb Code     2  use_no_semi.o(.text)
    __ARM_fpclassify                         0x08002a2f   Thumb Code    40  fpclassify.o(i.__ARM_fpclassify)
    __semihosting_library_function           0x08002a2f   Thumb Code     0  indicate_semi.o(.text)
    __ieee754_rem_pio2                       0x08002a59   Thumb Code   828  rred.o(i.__ieee754_rem_pio2)
    __kernel_cos                             0x08002de1   Thumb Code   230  cos_i.o(i.__kernel_cos)
    __kernel_poly                            0x08002edd   Thumb Code   170  poly.o(i.__kernel_poly)
    __kernel_sin                             0x08002f89   Thumb Code   224  sin_i.o(i.__kernel_sin)
    __mathlib_dbl_infnan                     0x08003075   Thumb Code     6  dunder.o(i.__mathlib_dbl_infnan)
    __mathlib_dbl_infnan2                    0x0800307b   Thumb Code     4  dunder.o(i.__mathlib_dbl_infnan2)
    __mathlib_dbl_invalid                    0x0800307f   Thumb Code    12  dunder.o(i.__mathlib_dbl_invalid)
    __mathlib_dbl_underflow                  0x0800308d   Thumb Code    10  dunder.o(i.__mathlib_dbl_underflow)
    atan                                     0x0800309d   Thumb Code   474  atan.o(i.atan)
    atan2                                    0x080032bd   Thumb Code   346  atan2.o(i.atan2)
    cos                                      0x0800343d   Thumb Code   148  cos.o(i.cos)
    sin                                      0x080034d9   Thumb Code   150  sin.o(i.sin)
    sqrt                                     0x08003579   Thumb Code    76  sqrt.o(i.sqrt)
    __aeabi_d2f                              0x080035c5   Thumb Code     0  d2f.o(x$fpl$d2f)
    _d2f                                     0x080035c5   Thumb Code    98  d2f.o(x$fpl$d2f)
    __aeabi_dadd                             0x08003629   Thumb Code     0  daddsub_clz.o(x$fpl$dadd)
    _dadd                                    0x08003629   Thumb Code   332  daddsub_clz.o(x$fpl$dadd)
    __fpl_dcheck_NaN1                        0x08003779   Thumb Code    10  dcheck1.o(x$fpl$dcheck1)
    __fpl_dcmp_Inf                           0x08003789   Thumb Code    24  dcmpi.o(x$fpl$dcmpinf)
    __aeabi_ddiv                             0x080037a1   Thumb Code     0  ddiv.o(x$fpl$ddiv)
    _ddiv                                    0x080037a1   Thumb Code   552  ddiv.o(x$fpl$ddiv)
    __aeabi_d2iz                             0x08003a51   Thumb Code     0  dfix.o(x$fpl$dfix)
    _dfix                                    0x08003a51   Thumb Code    94  dfix.o(x$fpl$dfix)
    __aeabi_i2d                              0x08003aaf   Thumb Code     0  dflt_clz.o(x$fpl$dflt)
    _dflt                                    0x08003aaf   Thumb Code    46  dflt_clz.o(x$fpl$dflt)
    __aeabi_ui2d                             0x08003add   Thumb Code     0  dflt_clz.o(x$fpl$dfltu)
    _dfltu                                   0x08003add   Thumb Code    38  dflt_clz.o(x$fpl$dfltu)
    __aeabi_cdcmple                          0x08003b05   Thumb Code     0  dleqf.o(x$fpl$dleqf)
    _dcmple                                  0x08003b05   Thumb Code   120  dleqf.o(x$fpl$dleqf)
    __fpl_dcmple_InfNaN                      0x08003b67   Thumb Code     0  dleqf.o(x$fpl$dleqf)
    __aeabi_dmul                             0x08003b7d   Thumb Code     0  dmul.o(x$fpl$dmul)
    _dmul                                    0x08003b7d   Thumb Code   332  dmul.o(x$fpl$dmul)
    __fpl_dnaninf                            0x08003cd1   Thumb Code   156  dnaninf.o(x$fpl$dnaninf)
    __fpl_dretinf                            0x08003d6d   Thumb Code    12  dretinf.o(x$fpl$dretinf)
    __aeabi_drsub                            0x08003d79   Thumb Code     0  daddsub_clz.o(x$fpl$drsb)
    _drsb                                    0x08003d79   Thumb Code    22  daddsub_clz.o(x$fpl$drsb)
    _dsqrt                                   0x08003d91   Thumb Code   456  dsqrt_noumaal.o(x$fpl$dsqrt)
    __aeabi_dsub                             0x08003f5d   Thumb Code     0  daddsub_clz.o(x$fpl$dsub)
    _dsub                                    0x08003f5d   Thumb Code   464  daddsub_clz.o(x$fpl$dsub)
    __aeabi_f2d                              0x08004131   Thumb Code     0  f2d.o(x$fpl$f2d)
    _f2d                                     0x08004131   Thumb Code    86  f2d.o(x$fpl$f2d)
    __aeabi_fadd                             0x08004189   Thumb Code     0  faddsub_clz.o(x$fpl$fadd)
    _fadd                                    0x08004189   Thumb Code   196  faddsub_clz.o(x$fpl$fadd)
    __fpl_fcmp_Inf                           0x0800424d   Thumb Code    24  fcmpi.o(x$fpl$fcmpinf)
    __aeabi_fdiv                             0x08004265   Thumb Code     0  fdiv.o(x$fpl$fdiv)
    _fdiv                                    0x08004265   Thumb Code   384  fdiv.o(x$fpl$fdiv)
    __aeabi_cfcmpeq                          0x080043e9   Thumb Code     0  feqf.o(x$fpl$feqf)
    _fcmpeq                                  0x080043e9   Thumb Code   104  feqf.o(x$fpl$feqf)
    __aeabi_f2iz                             0x08004451   Thumb Code     0  ffix.o(x$fpl$ffix)
    _ffix                                    0x08004451   Thumb Code    54  ffix.o(x$fpl$ffix)
    __aeabi_f2uiz                            0x08004489   Thumb Code     0  ffixu.o(x$fpl$ffixu)
    _ffixu                                   0x08004489   Thumb Code    62  ffixu.o(x$fpl$ffixu)
    __aeabi_i2f                              0x080044c9   Thumb Code     0  fflt_clz.o(x$fpl$fflt)
    _fflt                                    0x080044c9   Thumb Code    48  fflt_clz.o(x$fpl$fflt)
    __aeabi_cfcmple                          0x080044f9   Thumb Code     0  fleqf.o(x$fpl$fleqf)
    _fcmple                                  0x080044f9   Thumb Code   104  fleqf.o(x$fpl$fleqf)
    __fpl_fcmple_InfNaN                      0x0800454b   Thumb Code     0  fleqf.o(x$fpl$fleqf)
    __aeabi_fmul                             0x08004561   Thumb Code     0  fmul.o(x$fpl$fmul)
    _fmul                                    0x08004561   Thumb Code   258  fmul.o(x$fpl$fmul)
    __fpl_fnaninf                            0x08004663   Thumb Code   140  fnaninf.o(x$fpl$fnaninf)
    __fpl_fretinf                            0x080046ef   Thumb Code    10  fretinf.o(x$fpl$fretinf)
    __aeabi_cfrcmple                         0x080046f9   Thumb Code     0  frleqf.o(x$fpl$frleqf)
    _frcmple                                 0x080046f9   Thumb Code    98  frleqf.o(x$fpl$frleqf)
    __aeabi_frsub                            0x0800475b   Thumb Code     0  faddsub_clz.o(x$fpl$frsb)
    _frsb                                    0x0800475b   Thumb Code    20  faddsub_clz.o(x$fpl$frsb)
    __aeabi_fsub                             0x08004771   Thumb Code     0  faddsub_clz.o(x$fpl$fsub)
    _fsub                                    0x08004771   Thumb Code   234  faddsub_clz.o(x$fpl$fsub)
    __fpl_return_NaN                         0x0800485b   Thumb Code   100  retnan.o(x$fpl$retnan)
    __ARM_scalbn                             0x080048bf   Thumb Code    92  scalbn.o(x$fpl$scalbn)
    __fpl_cmpreturn                          0x0800491b   Thumb Code    48  trapv.o(x$fpl$trapveneer)
    __I$use$fp                               0x0800494a   Number         0  usenofp.o(x$fpl$usenofp)
    __mathlib_zero                           0x08004a48   Data           8  qnan.o(.constdata)
    Region$$Table$$Base                      0x08004b40   Number         0  anon$$obj.o(Region$$Table)
    Region$$Table$$Limit                     0x08004b60   Number         0  anon$$obj.o(Region$$Table)
    i                                        0x20000000   Data           1  z_main.o(.data)
    servo_index                              0x20000001   Data           1  z_main.o(.data)
    startDuty                                0x20000004   Data          24  z_main.o(.data)
    flag                                     0x2000001c   Data           1  z_main.o(.data)
    pos1                                     0x20000020   Data          12  z_main.o(.data)
    pos2                                     0x2000002c   Data          12  z_main.o(.data)
    SystemCoreClock                          0x2000005c   Data           4  system_stm32f10x.o(.data)
    AHBPrescTable                            0x20000060   Data          16  system_stm32f10x.o(.data)
    servo_data                               0x20000070   Data         128  z_main.o(.bss)
    targetDuty                               0x200000f0   Data          24  z_main.o(.bss)
    start                                    0x20000108   Data          24  z_main.o(.bss)
    target                                   0x20000120   Data          24  z_main.o(.bss)
    Start                                    0x20000138   Data          24  z_main.o(.bss)
    Target                                   0x20000150   Data          24  z_main.o(.bss)
    __libspace_start                         0x20000168   Data          96  libspace.o(.bss)
    __temporary_stack_top$libspace           0x200001c8   Data           0  libspace.o(.bss)



==============================================================================

Memory Map of the image

  Image Entry point : 0x08000131

  Load Region LR_IROM1 (Base: 0x08000000, Size: 0x00004bd0, Max: 0x00010000, ABSOLUTE)

    Execution Region ER_IROM1 (Exec base: 0x08000000, Load base: 0x08000000, Size: 0x00004b60, Max: 0x00010000, ABSOLUTE)

    Exec Addr    Load Addr    Size         Type   Attr      Idx    E Section Name        Object

    0x08000000   0x08000000   0x00000130   Data   RO          302    RESET               startup_stm32f10x_hd.o
    0x08000130   0x08000130   0x00000008   Code   RO          313  * !!!main             c_w.l(__main.o)
    0x08000138   0x08000138   0x00000034   Code   RO          635    !!!scatter          c_w.l(__scatter.o)
    0x0800016c   0x0800016c   0x0000001a   Code   RO          637    !!handler_copy      c_w.l(__scatter_copy.o)
    0x08000186   0x08000186   0x00000002   PAD
    0x08000188   0x08000188   0x0000001c   Code   RO          639    !!handler_zi        c_w.l(__scatter_zi.o)
    0x080001a4   0x080001a4   0x00000002   Code   RO          502    .ARM.Collect$$libinit$$00000000  c_w.l(libinit.o)
    0x080001a6   0x080001a6   0x00000000   Code   RO          508    .ARM.Collect$$libinit$$00000002  c_w.l(libinit2.o)
    0x080001a6   0x080001a6   0x00000000   Code   RO          510    .ARM.Collect$$libinit$$00000004  c_w.l(libinit2.o)
    0x080001a6   0x080001a6   0x00000000   Code   RO          513    .ARM.Collect$$libinit$$0000000A  c_w.l(libinit2.o)
    0x080001a6   0x080001a6   0x00000000   Code   RO          515    .ARM.Collect$$libinit$$0000000C  c_w.l(libinit2.o)
    0x080001a6   0x080001a6   0x00000000   Code   RO          517    .ARM.Collect$$libinit$$0000000E  c_w.l(libinit2.o)
    0x080001a6   0x080001a6   0x00000000   Code   RO          520    .ARM.Collect$$libinit$$00000011  c_w.l(libinit2.o)
    0x080001a6   0x080001a6   0x00000000   Code   RO          522    .ARM.Collect$$libinit$$00000013  c_w.l(libinit2.o)
    0x080001a6   0x080001a6   0x00000000   Code   RO          524    .ARM.Collect$$libinit$$00000015  c_w.l(libinit2.o)
    0x080001a6   0x080001a6   0x00000000   Code   RO          526    .ARM.Collect$$libinit$$00000017  c_w.l(libinit2.o)
    0x080001a6   0x080001a6   0x00000000   Code   RO          528    .ARM.Collect$$libinit$$00000019  c_w.l(libinit2.o)
    0x080001a6   0x080001a6   0x00000000   Code   RO          530    .ARM.Collect$$libinit$$0000001B  c_w.l(libinit2.o)
    0x080001a6   0x080001a6   0x00000000   Code   RO          532    .ARM.Collect$$libinit$$0000001D  c_w.l(libinit2.o)
    0x080001a6   0x080001a6   0x00000000   Code   RO          534    .ARM.Collect$$libinit$$0000001F  c_w.l(libinit2.o)
    0x080001a6   0x080001a6   0x00000000   Code   RO          536    .ARM.Collect$$libinit$$00000021  c_w.l(libinit2.o)
    0x080001a6   0x080001a6   0x00000000   Code   RO          538    .ARM.Collect$$libinit$$00000023  c_w.l(libinit2.o)
    0x080001a6   0x080001a6   0x00000000   Code   RO          540    .ARM.Collect$$libinit$$00000025  c_w.l(libinit2.o)
    0x080001a6   0x080001a6   0x00000000   Code   RO          544    .ARM.Collect$$libinit$$0000002C  c_w.l(libinit2.o)
    0x080001a6   0x080001a6   0x00000000   Code   RO          546    .ARM.Collect$$libinit$$0000002E  c_w.l(libinit2.o)
    0x080001a6   0x080001a6   0x00000000   Code   RO          548    .ARM.Collect$$libinit$$00000030  c_w.l(libinit2.o)
    0x080001a6   0x080001a6   0x00000000   Code   RO          550    .ARM.Collect$$libinit$$00000032  c_w.l(libinit2.o)
    0x080001a6   0x080001a6   0x00000002   Code   RO          551    .ARM.Collect$$libinit$$00000033  c_w.l(libinit2.o)
    0x080001a8   0x080001a8   0x00000002   Code   RO          575    .ARM.Collect$$libshutdown$$00000000  c_w.l(libshutdown.o)
    0x080001aa   0x080001aa   0x00000000   Code   RO          588    .ARM.Collect$$libshutdown$$00000002  c_w.l(libshutdown2.o)
    0x080001aa   0x080001aa   0x00000000   Code   RO          590    .ARM.Collect$$libshutdown$$00000004  c_w.l(libshutdown2.o)
    0x080001aa   0x080001aa   0x00000000   Code   RO          593    .ARM.Collect$$libshutdown$$00000007  c_w.l(libshutdown2.o)
    0x080001aa   0x080001aa   0x00000000   Code   RO          596    .ARM.Collect$$libshutdown$$0000000A  c_w.l(libshutdown2.o)
    0x080001aa   0x080001aa   0x00000000   Code   RO          598    .ARM.Collect$$libshutdown$$0000000C  c_w.l(libshutdown2.o)
    0x080001aa   0x080001aa   0x00000000   Code   RO          601    .ARM.Collect$$libshutdown$$0000000F  c_w.l(libshutdown2.o)
    0x080001aa   0x080001aa   0x00000002   Code   RO          602    .ARM.Collect$$libshutdown$$00000010  c_w.l(libshutdown2.o)
    0x080001ac   0x080001ac   0x00000000   Code   RO          407    .ARM.Collect$$rtentry$$00000000  c_w.l(__rtentry.o)
    0x080001ac   0x080001ac   0x00000000   Code   RO          465    .ARM.Collect$$rtentry$$00000002  c_w.l(__rtentry2.o)
    0x080001ac   0x080001ac   0x00000006   Code   RO          477    .ARM.Collect$$rtentry$$00000004  c_w.l(__rtentry4.o)
    0x080001b2   0x080001b2   0x00000000   Code   RO          467    .ARM.Collect$$rtentry$$00000009  c_w.l(__rtentry2.o)
    0x080001b2   0x080001b2   0x00000004   Code   RO          468    .ARM.Collect$$rtentry$$0000000A  c_w.l(__rtentry2.o)
    0x080001b6   0x080001b6   0x00000000   Code   RO          470    .ARM.Collect$$rtentry$$0000000C  c_w.l(__rtentry2.o)
    0x080001b6   0x080001b6   0x00000008   Code   RO          471    .ARM.Collect$$rtentry$$0000000D  c_w.l(__rtentry2.o)
    0x080001be   0x080001be   0x00000002   Code   RO          505    .ARM.Collect$$rtexit$$00000000  c_w.l(rtexit.o)
    0x080001c0   0x080001c0   0x00000000   Code   RO          555    .ARM.Collect$$rtexit$$00000002  c_w.l(rtexit2.o)
    0x080001c0   0x080001c0   0x00000004   Code   RO          556    .ARM.Collect$$rtexit$$00000003  c_w.l(rtexit2.o)
    0x080001c4   0x080001c4   0x00000006   Code   RO          557    .ARM.Collect$$rtexit$$00000004  c_w.l(rtexit2.o)
    0x080001ca   0x080001ca   0x00000002   PAD
    0x080001cc   0x080001cc   0x000007b4   Code   RO            1    .text               z_main.o
    0x08000980   0x08000980   0x00000078   Code   RO           74    .text               z_setup.o
    0x080009f8   0x080009f8   0x000002a8   Code   RO          134    .text               z_loop.o
    0x08000ca0   0x08000ca0   0x000001c0   Code   RO          147    .text               z_timer.o
    0x08000e60   0x08000e60   0x00000024   Code   RO          169    .text               z_delay.o
    0x08000e84   0x08000e84   0x0000003c   Code   RO          182    .text               z_key.o
    0x08000ec0   0x08000ec0   0x00000244   Code   RO          194    .text               z_servo.o
    0x08001104   0x08001104   0x00000018   Code   RO          206    .text               z_stm32f10x_it.o
    0x0800111c   0x0800111c   0x000003a4   Code   RO          221    .text               stm32f10x_rcc.o
    0x080014c0   0x080014c0   0x0000035c   Code   RO          235    .text               stm32f10x_gpio.o
    0x0800181c   0x0800181c   0x00000e1a   Code   RO          247    .text               stm32f10x_tim.o
    0x08002636   0x08002636   0x00000002   PAD
    0x08002638   0x08002638   0x000000dc   Code   RO          259    .text               misc.o
    0x08002714   0x08002714   0x000001e0   Code   RO          282    .text               system_stm32f10x.o
    0x080028f4   0x080028f4   0x00000040   Code   RO          303    .text               startup_stm32f10x_hd.o
    0x08002934   0x08002934   0x00000064   Code   RO          309    .text               c_w.l(rt_memcpy_w.o)
    0x08002998   0x08002998   0x00000006   Code   RO          311    .text               c_w.l(heapauxi.o)
    0x0800299e   0x0800299e   0x00000016   Code   RO          408    .text               c_w.l(_rserrno.o)
    0x080029b4   0x080029b4   0x00000008   Code   RO          482    .text               c_w.l(rt_errno_addr_intlibspace.o)
    0x080029bc   0x080029bc   0x00000008   Code   RO          490    .text               c_w.l(libspace.o)
    0x080029c4   0x080029c4   0x0000004a   Code   RO          493    .text               c_w.l(sys_stackheap_outer.o)
    0x08002a0e   0x08002a0e   0x00000012   Code   RO          495    .text               c_w.l(exit.o)
    0x08002a20   0x08002a20   0x0000000c   Code   RO          567    .text               c_w.l(sys_exit.o)
    0x08002a2c   0x08002a2c   0x00000002   Code   RO          578    .text               c_w.l(use_no_semi.o)
    0x08002a2e   0x08002a2e   0x00000000   Code   RO          580    .text               c_w.l(indicate_semi.o)
    0x08002a2e   0x08002a2e   0x00000028   Code   RO          486    i.__ARM_fpclassify  m_ws.l(fpclassify.o)
    0x08002a56   0x08002a56   0x00000002   PAD
    0x08002a58   0x08002a58   0x00000388   Code   RO          453    i.__ieee754_rem_pio2  m_ws.l(rred.o)
    0x08002de0   0x08002de0   0x000000fc   Code   RO          435    i.__kernel_cos      m_ws.l(cos_i.o)
    0x08002edc   0x08002edc   0x000000aa   Code   RO          488    i.__kernel_poly     m_ws.l(poly.o)
    0x08002f86   0x08002f86   0x00000002   PAD
    0x08002f88   0x08002f88   0x000000ec   Code   RO          458    i.__kernel_sin      m_ws.l(sin_i.o)
    0x08003074   0x08003074   0x00000006   Code   RO          439    i.__mathlib_dbl_infnan  m_ws.l(dunder.o)
    0x0800307a   0x0800307a   0x00000004   Code   RO          440    i.__mathlib_dbl_infnan2  m_ws.l(dunder.o)
    0x0800307e   0x0800307e   0x0000000c   Code   RO          441    i.__mathlib_dbl_invalid  m_ws.l(dunder.o)
    0x0800308a   0x0800308a   0x00000002   PAD
    0x0800308c   0x0800308c   0x00000010   Code   RO          444    i.__mathlib_dbl_underflow  m_ws.l(dunder.o)
    0x0800309c   0x0800309c   0x00000220   Code   RO          426    i.atan              m_ws.l(atan.o)
    0x080032bc   0x080032bc   0x00000180   Code   RO          376    i.atan2             m_ws.l(atan2.o)
    0x0800343c   0x0800343c   0x0000009c   Code   RO          384    i.cos               m_ws.l(cos.o)
    0x080034d8   0x080034d8   0x000000a0   Code   RO          392    i.sin               m_ws.l(sin.o)
    0x08003578   0x08003578   0x0000004c   Code   RO          400    i.sqrt              m_ws.l(sqrt.o)
    0x080035c4   0x080035c4   0x00000062   Code   RO          315    x$fpl$d2f           fz_ws.l(d2f.o)
    0x08003626   0x08003626   0x00000002   PAD
    0x08003628   0x08003628   0x00000150   Code   RO          317    x$fpl$dadd          fz_ws.l(daddsub_clz.o)
    0x08003778   0x08003778   0x00000010   Code   RO          503    x$fpl$dcheck1       fz_ws.l(dcheck1.o)
    0x08003788   0x08003788   0x00000018   Code   RO          410    x$fpl$dcmpinf       fz_ws.l(dcmpi.o)
    0x080037a0   0x080037a0   0x000002b0   Code   RO          324    x$fpl$ddiv          fz_ws.l(ddiv.o)
    0x08003a50   0x08003a50   0x0000005e   Code   RO          327    x$fpl$dfix          fz_ws.l(dfix.o)
    0x08003aae   0x08003aae   0x0000002e   Code   RO          332    x$fpl$dflt          fz_ws.l(dflt_clz.o)
    0x08003adc   0x08003adc   0x00000026   Code   RO          331    x$fpl$dfltu         fz_ws.l(dflt_clz.o)
    0x08003b02   0x08003b02   0x00000002   PAD
    0x08003b04   0x08003b04   0x00000078   Code   RO          337    x$fpl$dleqf         fz_ws.l(dleqf.o)
    0x08003b7c   0x08003b7c   0x00000154   Code   RO          339    x$fpl$dmul          fz_ws.l(dmul.o)
    0x08003cd0   0x08003cd0   0x0000009c   Code   RO          412    x$fpl$dnaninf       fz_ws.l(dnaninf.o)
    0x08003d6c   0x08003d6c   0x0000000c   Code   RO          414    x$fpl$dretinf       fz_ws.l(dretinf.o)
    0x08003d78   0x08003d78   0x00000016   Code   RO          318    x$fpl$drsb          fz_ws.l(daddsub_clz.o)
    0x08003d8e   0x08003d8e   0x00000002   PAD
    0x08003d90   0x08003d90   0x000001cc   Code   RO          416    x$fpl$dsqrt         fz_ws.l(dsqrt_noumaal.o)
    0x08003f5c   0x08003f5c   0x000001d4   Code   RO          319    x$fpl$dsub          fz_ws.l(daddsub_clz.o)
    0x08004130   0x08004130   0x00000056   Code   RO          341    x$fpl$f2d           fz_ws.l(f2d.o)
    0x08004186   0x08004186   0x00000002   PAD
    0x08004188   0x08004188   0x000000c4   Code   RO          343    x$fpl$fadd          fz_ws.l(faddsub_clz.o)
    0x0800424c   0x0800424c   0x00000018   Code   RO          418    x$fpl$fcmpinf       fz_ws.l(fcmpi.o)
    0x08004264   0x08004264   0x00000184   Code   RO          350    x$fpl$fdiv          fz_ws.l(fdiv.o)
    0x080043e8   0x080043e8   0x00000068   Code   RO          353    x$fpl$feqf          fz_ws.l(feqf.o)
    0x08004450   0x08004450   0x00000036   Code   RO          355    x$fpl$ffix          fz_ws.l(ffix.o)
    0x08004486   0x08004486   0x00000002   PAD
    0x08004488   0x08004488   0x0000003e   Code   RO          359    x$fpl$ffixu         fz_ws.l(ffixu.o)
    0x080044c6   0x080044c6   0x00000002   PAD
    0x080044c8   0x080044c8   0x00000030   Code   RO          364    x$fpl$fflt          fz_ws.l(fflt_clz.o)
    0x080044f8   0x080044f8   0x00000068   Code   RO          369    x$fpl$fleqf         fz_ws.l(fleqf.o)
    0x08004560   0x08004560   0x00000102   Code   RO          371    x$fpl$fmul          fz_ws.l(fmul.o)
    0x08004662   0x08004662   0x0000008c   Code   RO          420    x$fpl$fnaninf       fz_ws.l(fnaninf.o)
    0x080046ee   0x080046ee   0x0000000a   Code   RO          422    x$fpl$fretinf       fz_ws.l(fretinf.o)
    0x080046f8   0x080046f8   0x00000062   Code   RO          373    x$fpl$frleqf        fz_ws.l(frleqf.o)
    0x0800475a   0x0800475a   0x00000014   Code   RO          344    x$fpl$frsb          fz_ws.l(faddsub_clz.o)
    0x0800476e   0x0800476e   0x00000002   PAD
    0x08004770   0x08004770   0x000000ea   Code   RO          345    x$fpl$fsub          fz_ws.l(faddsub_clz.o)
    0x0800485a   0x0800485a   0x00000064   Code   RO          552    x$fpl$retnan        fz_ws.l(retnan.o)
    0x080048be   0x080048be   0x0000005c   Code   RO          484    x$fpl$scalbn        fz_ws.l(scalbn.o)
    0x0800491a   0x0800491a   0x00000030   Code   RO          565    x$fpl$trapveneer    fz_ws.l(trapv.o)
    0x0800494a   0x0800494a   0x00000000   Code   RO          424    x$fpl$usenofp       fz_ws.l(usenofp.o)
    0x0800494a   0x0800494a   0x00000002   PAD
    0x0800494c   0x0800494c   0x00000030   Data   RO            3    .constdata          z_main.o
    0x0800497c   0x0800497c   0x00000004   PAD
    0x08004980   0x08004980   0x00000098   Data   RO          427    .constdata          m_ws.l(atan.o)
    0x08004a18   0x08004a18   0x00000030   Data   RO          436    .constdata          m_ws.l(cos_i.o)
    0x08004a48   0x08004a48   0x00000008   Data   RO          452    .constdata          m_ws.l(qnan.o)
    0x08004a50   0x08004a50   0x000000c8   Data   RO          455    .constdata          m_ws.l(rred.o)
    0x08004b18   0x08004b18   0x00000028   Data   RO          459    .constdata          m_ws.l(sin_i.o)
    0x08004b40   0x08004b40   0x00000020   Data   RO          633    Region$$Table       anon$$obj.o


    Execution Region RW_IRAM1 (Exec base: 0x20000000, Load base: 0x08004b60, Size: 0x000007c8, Max: 0x00005000, ABSOLUTE)

    Exec Addr    Load Addr    Size         Type   Attr      Idx    E Section Name        Object

    0x20000000   0x08004b60   0x00000038   Data   RW            4    .data               z_main.o
    0x20000038   0x08004b98   0x00000004   Data   RW          135    .data               z_loop.o
    0x2000003c   0x08004b9c   0x00000005   Data   RW          148    .data               z_timer.o
    0x20000041   0x08004ba1   0x00000003   PAD
    0x20000044   0x08004ba4   0x00000004   Data   RW          170    .data               z_delay.o
    0x20000048   0x08004ba8   0x00000014   Data   RW          222    .data               stm32f10x_rcc.o
    0x2000005c   0x08004bbc   0x00000014   Data   RW          283    .data               system_stm32f10x.o
    0x20000070        -       0x000000f8   Zero   RW            2    .bss                z_main.o
    0x20000168        -       0x00000060   Zero   RW          491    .bss                c_w.l(libspace.o)
    0x200001c8        -       0x00000200   Zero   RW          301    HEAP                startup_stm32f10x_hd.o
    0x200003c8        -       0x00000400   Zero   RW          300    STACK               startup_stm32f10x_hd.o


==============================================================================

Image component sizes


      Code (inc. data)   RO Data    RW Data    ZI Data      Debug   Object Name

         0          0          0          0          0         32   core_cm3.o
       220         22          0          0          0       1733   misc.o
        64         26        304          0       1536        804   startup_stm32f10x_hd.o
       860         38          0          0          0       5669   stm32f10x_gpio.o
       932         36          0         20          0       8824   stm32f10x_rcc.o
      3610         88          0          0          0      22776   stm32f10x_tim.o
       480         38          0         20          0       1811   system_stm32f10x.o
        36          6          0          4          0        491   z_delay.o
        60          4          0          0          0        455   z_key.o
       680         32          0          4          0        734   z_loop.o
      1972        124         48         56        248     242735   z_main.o
       580         40          0          0          0       1415   z_servo.o
       120         14          0          0          0     242886   z_setup.o
        24          0          0          0          0       1094   z_stm32f10x_it.o
       448         36          0          5          0      16723   z_timer.o

    ----------------------------------------------------------------------
     10088        504        388        112       1784     548182   Object Totals
         0          0         32          0          0          0   (incl. Generated)
         2          0          4          3          0          0   (incl. Padding)

    ----------------------------------------------------------------------

      Code (inc. data)   RO Data    RW Data    ZI Data      Debug   Library Member Name

         8          0          0          0          0         68   __main.o
         0          0          0          0          0          0   __rtentry.o
        12          0          0          0          0          0   __rtentry2.o
         6          0          0          0          0          0   __rtentry4.o
        52          8          0          0          0          0   __scatter.o
        26          0          0          0          0          0   __scatter_copy.o
        28          0          0          0          0          0   __scatter_zi.o
        22          0          0          0          0        100   _rserrno.o
        18          0          0          0          0         80   exit.o
         6          0          0          0          0        152   heapauxi.o
         0          0          0          0          0          0   indicate_semi.o
         2          0          0          0          0          0   libinit.o
         2          0          0          0          0          0   libinit2.o
         2          0          0          0          0          0   libshutdown.o
         2          0          0          0          0          0   libshutdown2.o
         8          4          0          0         96         68   libspace.o
         8          4          0          0          0         68   rt_errno_addr_intlibspace.o
       100          0          0          0          0         80   rt_memcpy_w.o
         2          0          0          0          0          0   rtexit.o
        10          0          0          0          0          0   rtexit2.o
        12          4          0          0          0         68   sys_exit.o
        74          0          0          0          0         80   sys_stackheap_outer.o
         2          0          0          0          0         68   use_no_semi.o
        98          4          0          0          0         92   d2f.o
       826         16          0          0          0        348   daddsub_clz.o
        16          4          0          0          0         68   dcheck1.o
        24          0          0          0          0         68   dcmpi.o
       688        140          0          0          0        208   ddiv.o
        94          4          0          0          0         92   dfix.o
        84          0          0          0          0        136   dflt_clz.o
       120          4          0          0          0         92   dleqf.o
       340         12          0          0          0        104   dmul.o
       156          4          0          0          0         92   dnaninf.o
        12          0          0          0          0         68   dretinf.o
       460         56          0          0          0        120   dsqrt_noumaal.o
        86          4          0          0          0         84   f2d.o
       450          8          0          0          0        236   faddsub_clz.o
        24          0          0          0          0         68   fcmpi.o
       388         76          0          0          0         96   fdiv.o
       104          4          0          0          0         84   feqf.o
        54          4          0          0          0         84   ffix.o
        62          4          0          0          0         84   ffixu.o
        48          0          0          0          0         68   fflt_clz.o
       104          4          0          0          0         84   fleqf.o
       258          4          0          0          0         84   fmul.o
       140          4          0          0          0         84   fnaninf.o
        10          0          0          0          0         68   fretinf.o
        98          0          0          0          0         68   frleqf.o
       100          0          0          0          0         68   retnan.o
        92          0          0          0          0         68   scalbn.o
        48          0          0          0          0         68   trapv.o
         0          0          0          0          0          0   usenofp.o
       544         70        152          0          0        124   atan.o
       384         38          0          0          0        144   atan2.o
       156          8          0          0          0        104   cos.o
       252         22         48          0          0        124   cos_i.o
        38          6          0          0          0        272   dunder.o
        40          0          0          0          0         68   fpclassify.o
       170          0          0          0          0         96   poly.o
         0          0          8          0          0          0   qnan.o
       904         76        200          0          0        140   rred.o
       160         10          0          0          0        108   sin.o
       236         12         40          0          0        128   sin_i.o
        76          0          0          0          0         84   sqrt.o

    ----------------------------------------------------------------------
      8372        618        448          0         96       5108   Library Totals
        26          0          0          0          0          0   (incl. Padding)

    ----------------------------------------------------------------------

      Code (inc. data)   RO Data    RW Data    ZI Data      Debug   Library Name

       402         20          0          0         96        832   c_w.l
      4984        356          0          0          0       2884   fz_ws.l
      2960        242        448          0          0       1392   m_ws.l

    ----------------------------------------------------------------------
      8372        618        448          0         96       5108   Library Totals

    ----------------------------------------------------------------------

==============================================================================


      Code (inc. data)   RO Data    RW Data    ZI Data      Debug   

     18460       1122        836        112       1880     549594   Grand Totals
     18460       1122        836        112       1880     549594   ELF Image Totals
     18460       1122        836        112          0          0   ROM Totals

==============================================================================

    Total RO  Size (Code + RO Data)                19296 (  18.84kB)
    Total RW  Size (RW Data + ZI Data)              1992 (   1.95kB)
    Total ROM Size (Code + RO Data + RW Data)      19408 (  18.95kB)

==============================================================================

