<html>
<body>
<pre>
<h1>µVision Build Log</h1>
<h2>Tool Versions:</h2>
IDE-Version: ¶ÃVision V5.26.2.0
Copyright (C) 2018 ARM Ltd and ARM Germany GmbH. All rights reserved.
License Information: Gu shine, tsinghua, LIC=----
 
Tool Versions:
Toolchain:       MDK-Lite  Version: 5.26.2.0
Toolchain Path:  D:\keil5\ARM\ARMCC\Bin
C Compiler:      Armcc.exe V5.06 update 6 (build 750)
Assembler:       Armasm.exe V5.06 update 6 (build 750)
Linker/Locator:  ArmLink.exe V5.06 update 6 (build 750)
Library Manager: ArmAr.exe V5.06 update 6 (build 750)
Hex Converter:   FromElf.exe V5.06 update 6 (build 750)
CPU DLL:         SARMCM3.DLL V5.26.2.0
Dialog DLL:      DARMSTM.DLL V1.68.0.0
Target DLL:      STLink\ST-LINKIII-KEIL_SWO.dll V3.0.5.0
Dialog DLL:      TARMSTM.DLL V1.66.0.0
 
<h2>Project:</h2>
C:\Users\π»Ã®—Ù\Desktop\Arm_kinematics\6DOF\project\ZL-KPZ32.uvproj
Project File Date:  12/22/2023

<h2>Output:</h2>
*** Using Compiler 'V5.06 update 6 (build 750)', folder: 'D:\keil5\ARM\ARMCC\Bin'
Build target 'ZL-Tutorials'
compiling z_timer.c...
compiling z_servo.c...
compiling z_main.c...
linking...
Program Size: Code=18460 RO-data=836 RW-data=112 ZI-data=1880  
FromELF: creating hex file...
"..\obj\OUTPUT\ZL-KPZ32.axf" - 0 Error(s), 0 Warning(s).
Build Time Elapsed:  00:00:02
</pre>
</body>
</html>
